Archive member included to satisfy reference by file (symbol)

c:/st/stm32cubeide_1.4.0/stm32cubeide/plugins/com.st.stm32cube.ide.mcu.externaltools.gnu-tools-for-stm32.9-2020-q2-update.win32_1.5.0.202011040924/tools/bin/../lib/gcc/arm-none-eabi/9.3.1/../../../../arm-none-eabi/lib/thumb/v7e-m+fp/hard\libc_nano.a(lib_a-errno.o)
                              Core/Src/syscalls.o (__errno)
c:/st/stm32cubeide_1.4.0/stm32cubeide/plugins/com.st.stm32cube.ide.mcu.externaltools.gnu-tools-for-stm32.9-2020-q2-update.win32_1.5.0.202011040924/tools/bin/../lib/gcc/arm-none-eabi/9.3.1/../../../../arm-none-eabi/lib/thumb/v7e-m+fp/hard\libc_nano.a(lib_a-exit.o)
                              c:/st/stm32cubeide_1.4.0/stm32cubeide/plugins/com.st.stm32cube.ide.mcu.externaltools.gnu-tools-for-stm32.9-2020-q2-update.win32_1.5.0.202011040924/tools/bin/../lib/gcc/arm-none-eabi/9.3.1/../../../../arm-none-eabi/lib/thumb/v7e-m+fp/hard/crt0.o (exit)
c:/st/stm32cubeide_1.4.0/stm32cubeide/plugins/com.st.stm32cube.ide.mcu.externaltools.gnu-tools-for-stm32.9-2020-q2-update.win32_1.5.0.202011040924/tools/bin/../lib/gcc/arm-none-eabi/9.3.1/../../../../arm-none-eabi/lib/thumb/v7e-m+fp/hard\libc_nano.a(lib_a-impure.o)
                              c:/st/stm32cubeide_1.4.0/stm32cubeide/plugins/com.st.stm32cube.ide.mcu.externaltools.gnu-tools-for-stm32.9-2020-q2-update.win32_1.5.0.202011040924/tools/bin/../lib/gcc/arm-none-eabi/9.3.1/../../../../arm-none-eabi/lib/thumb/v7e-m+fp/hard\libc_nano.a(lib_a-exit.o) (_global_impure_ptr)
c:/st/stm32cubeide_1.4.0/stm32cubeide/plugins/com.st.stm32cube.ide.mcu.externaltools.gnu-tools-for-stm32.9-2020-q2-update.win32_1.5.0.202011040924/tools/bin/../lib/gcc/arm-none-eabi/9.3.1/../../../../arm-none-eabi/lib/thumb/v7e-m+fp/hard\libc_nano.a(lib_a-init.o)
                              c:/st/stm32cubeide_1.4.0/stm32cubeide/plugins/com.st.stm32cube.ide.mcu.externaltools.gnu-tools-for-stm32.9-2020-q2-update.win32_1.5.0.202011040924/tools/bin/../lib/gcc/arm-none-eabi/9.3.1/../../../../arm-none-eabi/lib/thumb/v7e-m+fp/hard/crt0.o (__libc_init_array)
c:/st/stm32cubeide_1.4.0/stm32cubeide/plugins/com.st.stm32cube.ide.mcu.externaltools.gnu-tools-for-stm32.9-2020-q2-update.win32_1.5.0.202011040924/tools/bin/../lib/gcc/arm-none-eabi/9.3.1/../../../../arm-none-eabi/lib/thumb/v7e-m+fp/hard\libc_nano.a(lib_a-memcpy-stub.o)
                              Core/VL53L1/core/vl53l1_api.o (memcpy)
c:/st/stm32cubeide_1.4.0/stm32cubeide/plugins/com.st.stm32cube.ide.mcu.externaltools.gnu-tools-for-stm32.9-2020-q2-update.win32_1.5.0.202011040924/tools/bin/../lib/gcc/arm-none-eabi/9.3.1/../../../../arm-none-eabi/lib/thumb/v7e-m+fp/hard\libc_nano.a(lib_a-memset.o)
                              c:/st/stm32cubeide_1.4.0/stm32cubeide/plugins/com.st.stm32cube.ide.mcu.externaltools.gnu-tools-for-stm32.9-2020-q2-update.win32_1.5.0.202011040924/tools/bin/../lib/gcc/arm-none-eabi/9.3.1/../../../../arm-none-eabi/lib/thumb/v7e-m+fp/hard/crt0.o (memset)
c:/st/stm32cubeide_1.4.0/stm32cubeide/plugins/com.st.stm32cube.ide.mcu.externaltools.gnu-tools-for-stm32.9-2020-q2-update.win32_1.5.0.202011040924/tools/bin/../lib/gcc/arm-none-eabi/9.3.1/../../../../arm-none-eabi/lib/thumb/v7e-m+fp/hard\libc_nano.a(lib_a-nano-vfprintf_float.o)
                              (_printf_float)
c:/st/stm32cubeide_1.4.0/stm32cubeide/plugins/com.st.stm32cube.ide.mcu.externaltools.gnu-tools-for-stm32.9-2020-q2-update.win32_1.5.0.202011040924/tools/bin/../lib/gcc/arm-none-eabi/9.3.1/../../../../arm-none-eabi/lib/thumb/v7e-m+fp/hard\libc_nano.a(lib_a-nano-vfprintf_i.o)
                              c:/st/stm32cubeide_1.4.0/stm32cubeide/plugins/com.st.stm32cube.ide.mcu.externaltools.gnu-tools-for-stm32.9-2020-q2-update.win32_1.5.0.202011040924/tools/bin/../lib/gcc/arm-none-eabi/9.3.1/../../../../arm-none-eabi/lib/thumb/v7e-m+fp/hard\libc_nano.a(lib_a-nano-vfprintf_float.o) (_printf_common)
c:/st/stm32cubeide_1.4.0/stm32cubeide/plugins/com.st.stm32cube.ide.mcu.externaltools.gnu-tools-for-stm32.9-2020-q2-update.win32_1.5.0.202011040924/tools/bin/../lib/gcc/arm-none-eabi/9.3.1/../../../../arm-none-eabi/lib/thumb/v7e-m+fp/hard\libc_nano.a(lib_a-nano-vfscanf_float.o)
                              (_scanf_float)
c:/st/stm32cubeide_1.4.0/stm32cubeide/plugins/com.st.stm32cube.ide.mcu.externaltools.gnu-tools-for-stm32.9-2020-q2-update.win32_1.5.0.202011040924/tools/bin/../lib/gcc/arm-none-eabi/9.3.1/../../../../arm-none-eabi/lib/thumb/v7e-m+fp/hard\libc_nano.a(lib_a-printf.o)
                              Core/Src/main.o (printf)
c:/st/stm32cubeide_1.4.0/stm32cubeide/plugins/com.st.stm32cube.ide.mcu.externaltools.gnu-tools-for-stm32.9-2020-q2-update.win32_1.5.0.202011040924/tools/bin/../lib/gcc/arm-none-eabi/9.3.1/../../../../arm-none-eabi/lib/thumb/v7e-m+fp/hard\libc_nano.a(lib_a-puts.o)
                              Core/Src/main.o (puts)
[...]
Memory Configuration

Name             Origin             Length             Attributes
CCMRAM           0x0000000010000000 0x0000000000010000 xrw
RAM              0x0000000020000000 0x0000000000020000 xrw
FLASH            0x0000000008000000 0x0000000000080000 xr
*default*        0x0000000000000000 0xffffffffffffffff

Linker script and memory map

LOAD c:/st/stm32cubeide_1.4.0/stm32cubeide/plugins/com.st.stm32cube.ide.mcu.externaltools.gnu-tools-for-stm32.9-2020-q2-update.win32_1.5.0.202011040924/tools/bin/../lib/gcc/arm-none-eabi/9.3.1/thumb/v7e-m+fp/hard/crti.o
LOAD c:/st/stm32cubeide_1.4.0/stm32cubeide/plugins/com.st.stm32cube.ide.mcu.externaltools.gnu-tools-for-stm32.9-2020-q2-update.win32_1.5.0.202011040924/tools/bin/../lib/gcc/arm-none-eabi/9.3.1/thumb/v7e-m+fp/hard/crtbegin.o
LOAD c:/st/stm32cubeide_1.4.0/stm32cubeide/plugins/com.st.stm32cube.ide.mcu.externaltools.gnu-tools-for-stm32.9-2020-q2-update.win32_1.5.0.202011040924/tools/bin/../lib/gcc/arm-none-eabi/9.3.1/../../../../arm-none-eabi/lib/thumb/v7e-m+fp/hard/crt0.o
LOAD Core/Src/gpio.o
LOAD Core/Src/i2c.o
LOAD Core/Src/main.o
LOAD Core/Src/serialplot.o
LOAD Core/Src/stm32f4xx_hal_msp.o
LOAD Core/Src/stm32f4xx_it.o
LOAD Core/Src/syscalls.o
LOAD Core/Src/sysmem.o
LOAD Core/Src/system_stm32f4xx.o
LOAD Core/Src/tim.o
LOAD Core/Src/usart.o
LOAD Core/Startup/startup_stm32f407vetx.o
LOAD Core/VL53L1/core/vl53l1_api.o
LOAD Core/VL53L1/core/vl53l1_api_calibration.o
LOAD Core/VL53L1/core/vl53l1_api_core.o
LOAD Core/VL53L1/core/vl53l1_api_debug.o
LOAD Core/VL53L1/core/vl53l1_api_preset_modes.o
LOAD Core/VL53L1/core/vl53l1_api_strings.o
LOAD Core/VL53L1/core/vl53l1_core.o
LOAD Core/VL53L1/core/vl53l1_core_support.o
LOAD Core/VL53L1/core/vl53l1_error_strings.o
LOAD Core/VL53L1/core/vl53l1_register_funcs.o
LOAD Core/VL53L1/core/vl53l1_silicon_core.o
LOAD Core/VL53L1/core/vl53l1_wait.o
LOAD Core/VL53L1/platform/vl53l1_platform.o
LOAD Drivers/STM32F4xx_HAL_Driver/stm32f4xx_hal.o
LOAD Drivers/STM32F4xx_HAL_Driver/stm32f4xx_hal_cortex.o
LOAD Drivers/STM32F4xx_HAL_Driver/stm32f4xx_hal_dma.o
LOAD Drivers/STM32F4xx_HAL_Driver/stm32f4xx_hal_dma_ex.o
LOAD Drivers/STM32F4xx_HAL_Driver/stm32f4xx_hal_exti.o
LOAD Drivers/STM32F4xx_HAL_Driver/stm32f4xx_hal_flash.o
LOAD Drivers/STM32F4xx_HAL_Driver/stm32f4xx_hal_flash_ex.o
LOAD Drivers/STM32F4xx_HAL_Driver/stm32f4xx_hal_flash_ramfunc.o
LOAD Drivers/STM32F4xx_HAL_Driver/stm32f4xx_hal_gpio.o
LOAD Drivers/STM32F4xx_HAL_Driver/stm32f4xx_hal_i2c.o
LOAD Drivers/STM32F4xx_HAL_Driver/stm32f4xx_hal_i2c_ex.o
LOAD Drivers/STM32F4xx_HAL_Driver/stm32f4xx_hal_pwr.o
LOAD Drivers/STM32F4xx_HAL_Driver/stm32f4xx_hal_pwr_ex.o
LOAD Drivers/STM32F4xx_HAL_Driver/stm32f4xx_hal_rcc.o
LOAD Drivers/STM32F4xx_HAL_Driver/stm32f4xx_hal_rcc_ex.o
LOAD Drivers/STM32F4xx_HAL_Driver/stm32f4xx_hal_tim.o
LOAD Drivers/STM32F4xx_HAL_Driver/stm32f4xx_hal_tim_ex.o
LOAD Drivers/STM32F4xx_HAL_Driver/stm32f4xx_hal_uart.o
START GROUP
LOAD c:/st/stm32cubeide_1.4.0/stm32cubeide/plugins/com.st.stm32cube.ide.mcu.externaltools.gnu-tools-for-stm32.9-2020-q2-update.win32_1.5.0.202011040924/tools/bin/../lib/gcc/arm-none-eabi/9.3.1/../../../../arm-none-eabi/lib/thumb/v7e-m+fp/hard\libstdc++_nano.a
LOAD c:/st/stm32cubeide_1.4.0/stm32cubeide/plugins/com.st.stm32cube.ide.mcu.externaltools.gnu-tools-for-stm32.9-2020-q2-update.win32_1.5.0.202011040924/tools/bin/../lib/gcc/arm-none-eabi/9.3.1/../../../../arm-none-eabi/lib/thumb/v7e-m+fp/hard\libsupc++_nano.a
END GROUP
LOAD c:/st/stm32cubeide_1.4.0/stm32cubeide/plugins/com.st.stm32cube.ide.mcu.externaltools.gnu-tools-for-stm32.9-2020-q2-update.win32_1.5.0.202011040924/tools/bin/../lib/gcc/arm-none-eabi/9.3.1/../../../../arm-none-eabi/lib/thumb/v7e-m+fp/hard\libstdc++_nano.a
LOAD c:/st/stm32cubeide_1.4.0/stm32cubeide/plugins/com.st.stm32cube.ide.mcu.externaltools.gnu-tools-for-stm32.9-2020-q2-update.win32_1.5.0.202011040924/tools/bin/../lib/gcc/arm-none-eabi/9.3.1/../../../../arm-none-eabi/lib/thumb/v7e-m+fp/hard\libm.a
LOAD c:/st/stm32cubeide_1.4.0/stm32cubeide/plugins/com.st.stm32cube.ide.mcu.externaltools.gnu-tools-for-stm32.9-2020-q2-update.win32_1.5.0.202011040924/tools/bin/../lib/gcc/arm-none-eabi/9.3.1/../../../../arm-none-eabi/lib/thumb/v7e-m+fp/hard\libc_nano.a
START GROUP
LOAD c:/st/stm32cubeide_1.4.0/stm32cubeide/plugins/com.st.stm32cube.ide.mcu.externaltools.gnu-tools-for-stm32.9-2020-q2-update.win32_1.5.0.202011040924/tools/bin/../lib/gcc/arm-none-eabi/9.3.1/thumb/v7e-m+fp/hard\libgcc.a
LOAD c:/st/stm32cubeide_1.4.0/stm32cubeide/plugins/com.st.stm32cube.ide.mcu.externaltools.gnu-tools-for-stm32.9-2020-q2-update.win32_1.5.0.202011040924/tools/bin/../lib/gcc/arm-none-eabi/9.3.1/../../../../arm-none-eabi/lib/thumb/v7e-m+fp/hard\libc_nano.a
END GROUP
START GROUP
LOAD c:/st/stm32cubeide_1.4.0/stm32cubeide/plugins/com.st.stm32cube.ide.mcu.externaltools.gnu-tools-for-stm32.9-2020-q2-update.win32_1.5.0.202011040924/tools/bin/../lib/gcc/arm-none-eabi/9.3.1/thumb/v7e-m+fp/hard\libgcc.a
LOAD c:/st/stm32cubeide_1.4.0/stm32cubeide/plugins/com.st.stm32cube.ide.mcu.externaltools.gnu-tools-for-stm32.9-2020-q2-update.win32_1.5.0.202011040924/tools/bin/../lib/gcc/arm-none-eabi/9.3.1/../../../../arm-none-eabi/lib/thumb/v7e-m+fp/hard\libc_nano.a
LOAD c:/st/stm32cubeide_1.4.0/stm32cubeide/plugins/com.st.stm32cube.ide.mcu.externaltools.gnu-tools-for-stm32.9-2020-q2-update.win32_1.5.0.202011040924/tools/bin/../lib/gcc/arm-none-eabi/9.3.1/../../../../arm-none-eabi/lib/thumb/v7e-m+fp/hard\libnosys.a
END GROUP
START GROUP
LOAD c:/st/stm32cubeide_1.4.0/stm32cubeide/plugins/com.st.stm32cube.ide.mcu.externaltools.gnu-tools-for-stm32.9-2020-q2-update.win32_1.5.0.202011040924/tools/bin/../lib/gcc/arm-none-eabi/9.3.1/thumb/v7e-m+fp/hard\libgcc.a
LOAD c:/st/stm32cubeide_1.4.0/stm32cubeide/plugins/com.st.stm32cube.ide.mcu.externaltools.gnu-tools-for-stm32.9-2020-q2-update.win32_1.5.0.202011040924/tools/bin/../lib/gcc/arm-none-eabi/9.3.1/../../../../arm-none-eabi/lib/thumb/v7e-m+fp/hard\libc_nano.a
LOAD c:/st/stm32cubeide_1.4.0/stm32cubeide/plugins/com.st.stm32cube.ide.mcu.externaltools.gnu-tools-for-stm32.9-2020-q2-update.win32_1.5.0.202011040924/tools/bin/../lib/gcc/arm-none-eabi/9.3.1/../../../../arm-none-eabi/lib/thumb/v7e-m+fp/hard\libnosys.a
END GROUP
LOAD c:/st/stm32cubeide_1.4.0/stm32cubeide/plugins/com.st.stm32cube.ide.mcu.externaltools.gnu-tools-for-stm32.9-2020-q2-update.win32_1.5.0.202011040924/tools/bin/../lib/gcc/arm-none-eabi/9.3.1/thumb/v7e-m+fp/hard/crtend.o
LOAD c:/st/stm32cubeide_1.4.0/stm32cubeide/plugins/com.st.stm32cube.ide.mcu.externaltools.gnu-tools-for-stm32.9-2020-q2-update.win32_1.5.0.202011040924/tools/bin/../lib/gcc/arm-none-eabi/9.3.1/thumb/v7e-m+fp/hard/crtn.o
                0x0000000020020000                _estack = (ORIGIN (RAM) + LENGTH (RAM))
                0x0000000000000200                _Min_Heap_Size = 0x200
                0x0000000000001000                _Min_Stack_Size = 0x1000

.isr_vector     0x0000000008000000      0x188
                0x0000000008000000                . = ALIGN (0x4)
 *(.isr_vector)
 .isr_vector    0x0000000008000000      0x188 Core/Startup/startup_stm32f407vetx.o
                0x0000000008000000                g_pfnVectors
                0x0000000008000188                . = ALIGN (0x4)

.text           0x0000000008000190     0xef74
                0x0000000008000190                . = ALIGN (0x4)
 *(.text)
 .text          0x0000000008000190       0x40 c:/st/stm32cubeide_1.4.0/stm32cubeide/plugins/com.st.stm32cube.ide.mcu.externaltools.gnu-tools-for-stm32.9-2020-q2-update.win32_1.5.0.202011040924/tools/bin/../lib/gcc/arm-none-eabi/9.3.1/thumb/v7e-m+fp/hard/crtbegin.o
 .text          0x00000000080001d0       0x10 c:/st/stm32cubeide_1.4.0/stm32cubeide/plugins/com.st.stm32cube.ide.mcu.externaltools.gnu-tools-for-stm32.9-2020-q2-update.win32_1.5.0.202011040924/tools/bin/../lib/gcc/arm-none-eabi/9.3.1/../../../../arm-none-eabi/lib/thumb/v7e-m+fp/hard\libc_nano.a(lib_a-strlen.o)
                0x00000000080001d0                strlen
 .text          0x00000000080001e0       0xa0 c:/st/stm32cubeide_1.4.0/stm32cubeide/plugins/com.st.stm32cube.ide.mcu.externaltools.gnu-tools-for-stm32.9-2020-q2-update.win32_1.5.0.202011040924/tools/bin/../lib/gcc/arm-none-eabi/9.3.1/../../../../arm-none-eabi/lib/thumb/v7e-m+fp/hard\libc_nano.a(lib_a-memchr.o)
                0x00000000080001e0                memchr
 .text          0x0000000008000280      0x378 c:/st/stm32cubeide_1.4.0/stm32cubeide/plugins/com.st.stm32cube.ide.mcu.externaltools.gnu-tools-for-stm32.9-2020-q2-update.win32_1.5.0.202011040924/tools/bin/../lib/gcc/arm-none-eabi/9.3.1/thumb/v7e-m+fp/hard\libgcc.a(_arm_addsubdf3.o)
                0x0000000008000280                __aeabi_drsub
                0x0000000008000288                __aeabi_dsub
                0x0000000008000288                __subdf3
                0x000000000800028c                __aeabi_dadd
                0x000000000800028c                __adddf3
                0x0000000008000504                __floatunsidf
                0x0000000008000504                __aeabi_ui2d
                0x0000000008000524                __floatsidf
                0x0000000008000524                __aeabi_i2d
                0x0000000008000548                __aeabi_f2d
                0x0000000008000548                __extendsfdf2
                0x000000000800058c                __floatundidf
                0x000000000800058c                __aeabi_ul2d
                0x000000000800059c                __floatdidf
                0x000000000800059c                __aeabi_l2d
 .text          0x00000000080005f8      0x424 c:/st/stm32cubeide_1.4.0/stm32cubeide/plugins/com.st.stm32cube.ide.mcu.externaltools.gnu-tools-for-stm32.9-2020-q2-update.win32_1.5.0.202011040924/tools/bin/../lib/gcc/arm-none-eabi/9.3.1/thumb/v7e-m+fp/hard\libgcc.a(_arm_muldivdf3.o)
                0x00000000080005f8                __aeabi_dmul
                0x00000000080005f8                __muldf3
                0x000000000800084c                __divdf3
                0x000000000800084c                __aeabi_ddiv
 .text          0x0000000008000a1c      0x110 c:/st/stm32cubeide_1.4.0/stm32cubeide/plugins/com.st.stm32cube.ide.mcu.externaltools.gnu-tools-for-stm32.9-2020-q2-update.win32_1.5.0.202011040924/tools/bin/../lib/gcc/arm-none-eabi/9.3.1/thumb/v7e-m+fp/hard\libgcc.a(_arm_cmpdf2.o)
                0x0000000008000a1c                __gtdf2
                0x0000000008000a1c                __gedf2
                0x0000000008000a24                __ltdf2
                0x0000000008000a24                __ledf2
                0x0000000008000a2c                __nedf2
                0x0000000008000a2c                __eqdf2
                0x0000000008000a2c                __cmpdf2
                0x0000000008000aa8                __aeabi_cdrcmple
                0x0000000008000ab8                __aeabi_cdcmpeq
                0x0000000008000ab8                __aeabi_cdcmple
                0x0000000008000ac8                __aeabi_dcmpeq
                0x0000000008000adc                __aeabi_dcmplt
                0x0000000008000af0                __aeabi_dcmple
                0x0000000008000b04                __aeabi_dcmpge
                0x0000000008000b18                __aeabi_dcmpgt
 .text          0x0000000008000b2c       0x2c c:/st/stm32cubeide_1.4.0/stm32cubeide/plugins/com.st.stm32cube.ide.mcu.externaltools.gnu-tools-for-stm32.9-2020-q2-update.win32_1.5.0.202011040924/tools/bin/../lib/gcc/arm-none-eabi/9.3.1/thumb/v7e-m+fp/hard\libgcc.a(_arm_unorddf2.o)
                0x0000000008000b2c                __unorddf2
                0x0000000008000b2c                __aeabi_dcmpun
 .text          0x0000000008000b58       0x50 c:/st/stm32cubeide_1.4.0/stm32cubeide/plugins/com.st.stm32cube.ide.mcu.externaltools.gnu-tools-for-stm32.9-2020-q2-update.win32_1.5.0.202011040924/tools/bin/../lib/gcc/arm-none-eabi/9.3.1/thumb/v7e-m+fp/hard\libgcc.a(_arm_fixdfsi.o)
                0x0000000008000b58                __aeabi_d2iz
                0x0000000008000b58                __fixdfsi
 .text          0x0000000008000ba8       0x40 c:/st/stm32cubeide_1.4.0/stm32cubeide/plugins/com.st.stm32cube.ide.mcu.externaltools.gnu-tools-for-stm32.9-2020-q2-update.win32_1.5.0.202011040924/tools/bin/../lib/gcc/arm-none-eabi/9.3.1/thumb/v7e-m+fp/hard\libgcc.a(_arm_fixunsdfsi.o)
                0x0000000008000ba8                __aeabi_d2uiz
                0x0000000008000ba8                __fixunsdfsi
 .text          0x0000000008000be8       0xa0 c:/st/stm32cubeide_1.4.0/stm32cubeide/plugins/com.st.stm32cube.ide.mcu.externaltools.gnu-tools-for-stm32.9-2020-q2-update.win32_1.5.0.202011040924/tools/bin/../lib/gcc/arm-none-eabi/9.3.1/thumb/v7e-m+fp/hard\libgcc.a(_arm_truncdfsf2.o)
                0x0000000008000be8                __truncdfsf2
                0x0000000008000be8                __aeabi_d2f
 .text          0x0000000008000c88       0x30 c:/st/stm32cubeide_1.4.0/stm32cubeide/plugins/com.st.stm32cube.ide.mcu.externaltools.gnu-tools-for-stm32.9-2020-q2-update.win32_1.5.0.202011040924/tools/bin/../lib/gcc/arm-none-eabi/9.3.1/thumb/v7e-m+fp/hard\libgcc.a(_aeabi_uldivmod.o)
                0x0000000008000c88                __aeabi_uldivmod
 .text          0x0000000008000cb8       0x30 c:/st/stm32cubeide_1.4.0/stm32cubeide/plugins/com.st.stm32cube.ide.mcu.externaltools.gnu-tools-for-stm32.9-2020-q2-update.win32_1.5.0.202011040924/tools/bin/../lib/gcc/arm-none-eabi/9.3.1/thumb/v7e-m+fp/hard\libgcc.a(_fixdfdi.o)
                0x0000000008000cb8                __fixdfdi
                0x0000000008000cb8                __aeabi_d2lz
 .text          0x0000000008000ce8       0x3c c:/st/stm32cubeide_1.4.0/stm32cubeide/plugins/com.st.stm32cube.ide.mcu.externaltools.gnu-tools-for-stm32.9-2020-q2-update.win32_1.5.0.202011040924/tools/bin/../lib/gcc/arm-none-eabi/9.3.1/thumb/v7e-m+fp/hard\libgcc.a(_fixunsdfdi.o)
                0x0000000008000ce8                __fixunsdfdi
                0x0000000008000ce8                __aeabi_d2ulz
 .text          0x0000000008000d24      0x2c4 c:/st/stm32cubeide_1.4.0/stm32cubeide/plugins/com.st.stm32cube.ide.mcu.externaltools.gnu-tools-for-stm32.9-2020-q2-update.win32_1.5.0.202011040924/tools/bin/../lib/gcc/arm-none-eabi/9.3.1/thumb/v7e-m+fp/hard\libgcc.a(_udivmoddi4.o)
                0x0000000008000d24                __udivmoddi4
 .text          0x0000000008000fe8        0x4 c:/st/stm32cubeide_1.4.0/stm32cubeide/plugins/com.st.stm32cube.ide.mcu.externaltools.gnu-tools-for-stm32.9-2020-q2-update.win32_1.5.0.202011040924/tools/bin/../lib/gcc/arm-none-eabi/9.3.1/thumb/v7e-m+fp/hard\libgcc.a(_dvmd_tls.o)
                0x0000000008000fe8                __aeabi_idiv0
                0x0000000008000fe8                __aeabi_ldiv0
 *(.text*)
 .text.MX_GPIO_Init
                0x0000000008000fec       0xd8 Core/Src/gpio.o
                0x0000000008000fec                MX_GPIO_Init
 .text.MX_I2C1_Init
                0x00000000080010c4       0x5c Core/Src/i2c.o
                0x00000000080010c4                MX_I2C1_Init
 .text.HAL_I2C_MspInit
                0x0000000008001120       0x90 Core/Src/i2c.o
                0x0000000008001120                HAL_I2C_MspInit
 .text.main     0x00000000080011b0      0x284 Core/Src/main.o
                0x00000000080011b0                main
 .text.SystemClock_Config
                0x0000000008001434       0xd4 Core/Src/main.o
                0x0000000008001434                SystemClock_Config
 .text.Error_Handler
                0x0000000008001508        0xa Core/Src/main.o
                0x0000000008001508                Error_Handler
 *fill*         0x0000000008001512        0x2 
 .text.SerialPlotFramePlotWord
                0x0000000008001514       0x3c Core/Src/serialplot.o
                0x0000000008001514                SerialPlotFramePlotWord
 .text.HAL_MspInit
                0x0000000008001550       0x50 Core/Src/stm32f4xx_hal_msp.o
                0x0000000008001550                HAL_MspInit
 .text.NMI_Handler
                0x00000000080015a0        0x6 Core/Src/stm32f4xx_it.o
                0x00000000080015a0                NMI_Handler
 .text.HardFault_Handler
                0x00000000080015a6        0x6 Core/Src/stm32f4xx_it.o
                0x00000000080015a6                HardFault_Handler
 .text.MemManage_Handler
                0x00000000080015ac        0x6 Core/Src/stm32f4xx_it.o
                0x00000000080015ac                MemManage_Handler
 .text.BusFault_Handler
                0x00000000080015b2        0x6 Core/Src/stm32f4xx_it.o
                0x00000000080015b2                BusFault_Handler
 .text.UsageFault_Handler
                0x00000000080015b8        0x6 Core/Src/stm32f4xx_it.o
                0x00000000080015b8                UsageFault_Handler
 .text.SVC_Handler
                0x00000000080015be        0xe Core/Src/stm32f4xx_it.o
                0x00000000080015be                SVC_Handler
 .text.DebugMon_Handler
                0x00000000080015cc        0xe Core/Src/stm32f4xx_it.o
                0x00000000080015cc                DebugMon_Handler
 .text.PendSV_Handler
                0x00000000080015da        0xe Core/Src/stm32f4xx_it.o
                0x00000000080015da                PendSV_Handler
 .text.SysTick_Handler
                0x00000000080015e8        0xc Core/Src/stm32f4xx_it.o
                0x00000000080015e8                SysTick_Handler
 .text.USART1_IRQHandler
                0x00000000080015f4       0x14 Core/Src/stm32f4xx_it.o
                0x00000000080015f4                USART1_IRQHandler
 .text.USART3_IRQHandler
                0x0000000008001608       0x14 Core/Src/stm32f4xx_it.o
                0x0000000008001608                USART3_IRQHandler
 .text.TIM6_DAC_IRQHandler
                0x000000000800161c       0x14 Core/Src/stm32f4xx_it.o
                0x000000000800161c                TIM6_DAC_IRQHandler
 .text.TIM7_IRQHandler
                0x0000000008001630       0x14 Core/Src/stm32f4xx_it.o
                0x0000000008001630                TIM7_IRQHandler
 .text._getpid  0x0000000008001644       0x10 Core/Src/syscalls.o
                0x0000000008001644                _getpid
 .text._kill    0x0000000008001654       0x20 Core/Src/syscalls.o
                0x0000000008001654                _kill
 .text._exit    0x0000000008001674       0x14 Core/Src/syscalls.o
                0x0000000008001674                _exit
 .text._read    0x0000000008001688       0x3a Core/Src/syscalls.o
                0x0000000008001688                _read
 .text._close   0x00000000080016c2       0x18 Core/Src/syscalls.o
                0x00000000080016c2                _close
 .text._fstat   0x00000000080016da       0x20 Core/Src/syscalls.o
                0x00000000080016da                _fstat
 .text._isatty  0x00000000080016fa       0x16 Core/Src/syscalls.o
                0x00000000080016fa                _isatty
 .text._lseek   0x0000000008001710       0x1a Core/Src/syscalls.o
                0x0000000008001710                _lseek
 *fill*         0x000000000800172a        0x2 
 .text._sbrk    0x000000000800172c       0x6c Core/Src/sysmem.o
                0x000000000800172c                _sbrk
 .text.SystemInit
                0x0000000008001798       0x24 Core/Src/system_stm32f4xx.o
                0x0000000008001798                SystemInit
 .text.MX_TIM6_Init
                0x00000000080017bc       0x6c Core/Src/tim.o
                0x00000000080017bc                MX_TIM6_Init
 .text.MX_TIM7_Init
                0x0000000008001828       0x6c Core/Src/tim.o
                0x0000000008001828                MX_TIM7_Init
 .text.HAL_TIM_Base_MspInit
                0x0000000008001894       0x8c Core/Src/tim.o
                0x0000000008001894                HAL_TIM_Base_MspInit
 .text.HAL_TIM_PeriodElapsedCallback
                0x0000000008001920       0x7c Core/Src/tim.o
                0x0000000008001920                HAL_TIM_PeriodElapsedCallback
 .text.GetMicro
                0x000000000800199c       0x38 Core/Src/tim.o
                0x000000000800199c                GetMicro
 .text.GetMillis
                0x00000000080019d4       0x3c Core/Src/tim.o
                0x00000000080019d4                GetMillis
 .text.DelayMs  0x0000000008001a10       0x2a Core/Src/tim.o
                0x0000000008001a10                DelayMs
 .text.DelayUs  0x0000000008001a3a       0x38 Core/Src/tim.o
                0x0000000008001a3a                DelayUs
 *fill*         0x0000000008001a72        0x2 
 .text.MX_USART1_UART_Init
                0x0000000008001a74       0x54 Core/Src/usart.o
                0x0000000008001a74                MX_USART1_UART_Init
 .text.MX_USART3_UART_Init
                0x0000000008001ac8       0x54 Core/Src/usart.o
                0x0000000008001ac8                MX_USART3_UART_Init
 .text.HAL_UART_MspInit
                0x0000000008001b1c      0x120 Core/Src/usart.o
                0x0000000008001b1c                HAL_UART_MspInit
 .text._write   0x0000000008001c3c       0x2c Core/Src/usart.o
                0x0000000008001c3c                _write
 .text.Reset_Handler
                0x0000000008001c68       0x50 Core/Startup/startup_stm32f407vetx.o
                0x0000000008001c68                Reset_Handler
 .text.Default_Handler
                0x0000000008001cb8        0x2 Core/Startup/startup_stm32f407vetx.o
                0x0000000008001cb8                RTC_Alarm_IRQHandler
                0x0000000008001cb8                HASH_RNG_IRQHandler
                0x0000000008001cb8                EXTI2_IRQHandler
                0x0000000008001cb8                TIM8_CC_IRQHandler
                0x0000000008001cb8                TIM1_CC_IRQHandler
                0x0000000008001cb8                DMA2_Stream5_IRQHandler
                0x0000000008001cb8                DMA1_Stream5_IRQHandler
                0x0000000008001cb8                PVD_IRQHandler
                0x0000000008001cb8                SDIO_IRQHandler
                0x0000000008001cb8                TAMP_STAMP_IRQHandler
                0x0000000008001cb8                CAN2_RX1_IRQHandler
                0x0000000008001cb8                EXTI3_IRQHandler
                0x0000000008001cb8                TIM8_TRG_COM_TIM14_IRQHandler
                0x0000000008001cb8                TIM1_UP_TIM10_IRQHandler
                0x0000000008001cb8                TIM8_UP_TIM13_IRQHandler
                0x0000000008001cb8                I2C3_ER_IRQHandler
                0x0000000008001cb8                EXTI0_IRQHandler
                0x0000000008001cb8                I2C2_EV_IRQHandler
                0x0000000008001cb8                DMA1_Stream2_IRQHandler
                0x0000000008001cb8                CAN1_RX0_IRQHandler
                0x0000000008001cb8                FPU_IRQHandler
                0x0000000008001cb8                OTG_HS_WKUP_IRQHandler
                0x0000000008001cb8                CAN2_SCE_IRQHandler
                0x0000000008001cb8                DMA2_Stream2_IRQHandler
                0x0000000008001cb8                SPI1_IRQHandler
                0x0000000008001cb8                TIM1_BRK_TIM9_IRQHandler
                0x0000000008001cb8                DCMI_IRQHandler
                0x0000000008001cb8                CAN2_RX0_IRQHandler
                0x0000000008001cb8                DMA2_Stream3_IRQHandler
                0x0000000008001cb8                USART6_IRQHandler
                0x0000000008001cb8                CAN1_RX1_IRQHandler
                0x0000000008001cb8                UART5_IRQHandler
                0x0000000008001cb8                DMA2_Stream0_IRQHandler
                0x0000000008001cb8                TIM4_IRQHandler
                0x0000000008001cb8                I2C1_EV_IRQHandler
                0x0000000008001cb8                DMA1_Stream6_IRQHandler
                0x0000000008001cb8                DMA1_Stream1_IRQHandler
                0x0000000008001cb8                UART4_IRQHandler
                0x0000000008001cb8                TIM3_IRQHandler
                0x0000000008001cb8                RCC_IRQHandler
                0x0000000008001cb8                TIM8_BRK_TIM12_IRQHandler
                0x0000000008001cb8                Default_Handler
                0x0000000008001cb8                EXTI15_10_IRQHandler
                0x0000000008001cb8                ADC_IRQHandler
                0x0000000008001cb8                DMA1_Stream7_IRQHandler
                0x0000000008001cb8                CAN2_TX_IRQHandler
                0x0000000008001cb8                TIM5_IRQHandler
                0x0000000008001cb8                DMA2_Stream7_IRQHandler
                0x0000000008001cb8                I2C3_EV_IRQHandler
                0x0000000008001cb8                EXTI9_5_IRQHandler
                0x0000000008001cb8                RTC_WKUP_IRQHandler
                0x0000000008001cb8                ETH_WKUP_IRQHandler
                0x0000000008001cb8                SPI2_IRQHandler
                0x0000000008001cb8                OTG_HS_EP1_IN_IRQHandler
                0x0000000008001cb8                DMA1_Stream0_IRQHandler
                0x0000000008001cb8                CAN1_TX_IRQHandler
                0x0000000008001cb8                EXTI4_IRQHandler
                0x0000000008001cb8                FSMC_IRQHandler
                0x0000000008001cb8                ETH_IRQHandler
                0x0000000008001cb8                OTG_HS_EP1_OUT_IRQHandler
                0x0000000008001cb8                WWDG_IRQHandler
                0x0000000008001cb8                TIM2_IRQHandler
                0x0000000008001cb8                OTG_FS_WKUP_IRQHandler
                0x0000000008001cb8                TIM1_TRG_COM_TIM11_IRQHandler
                0x0000000008001cb8                OTG_HS_IRQHandler
                0x0000000008001cb8                EXTI1_IRQHandler
                0x0000000008001cb8                USART2_IRQHandler
                0x0000000008001cb8                I2C2_ER_IRQHandler
                0x0000000008001cb8                DMA2_Stream1_IRQHandler
                0x0000000008001cb8                CAN1_SCE_IRQHandler
                0x0000000008001cb8                FLASH_IRQHandler
                0x0000000008001cb8                DMA2_Stream4_IRQHandler
                0x0000000008001cb8                OTG_FS_IRQHandler
                0x0000000008001cb8                SPI3_IRQHandler
                0x0000000008001cb8                DMA1_Stream4_IRQHandler
                0x0000000008001cb8                I2C1_ER_IRQHandler
                0x0000000008001cb8                DMA2_Stream6_IRQHandler
                0x0000000008001cb8                DMA1_Stream3_IRQHandler
 .text.CheckValidRectRoi
                0x0000000008001cba       0x4c Core/VL53L1/core/vl53l1_api.o
 .text.VL53L1_DataInit
                0x0000000008001d06       0xaa Core/VL53L1/core/vl53l1_api.o
                0x0000000008001d06                VL53L1_DataInit
 .text.VL53L1_StaticInit
                0x0000000008001db0       0x4e Core/VL53L1/core/vl53l1_api.o
                0x0000000008001db0                VL53L1_StaticInit
 .text.VL53L1_WaitDeviceBooted
                0x0000000008001dfe       0x26 Core/VL53L1/core/vl53l1_api.o
                0x0000000008001dfe                VL53L1_WaitDeviceBooted
 .text.ComputeDevicePresetMode
                0x0000000008001e24       0xd4 Core/VL53L1/core/vl53l1_api.o
 .text.SetPresetMode
                0x0000000008001ef8       0xce Core/VL53L1/core/vl53l1_api.o
 .text.VL53L1_SetPresetMode
                0x0000000008001fc6       0x90 Core/VL53L1/core/vl53l1_api.o
                0x0000000008001fc6                VL53L1_SetPresetMode
 .text.VL53L1_SetDistanceMode
                0x0000000008002056      0x10c Core/VL53L1/core/vl53l1_api.o
                0x0000000008002056                VL53L1_SetDistanceMode
 *fill*         0x0000000008002162        0x2 
 .text.VL53L1_SetMeasurementTimingBudgetMicroSeconds
                0x0000000008002164      0x1ac Core/VL53L1/core/vl53l1_api.o
                0x0000000008002164                VL53L1_SetMeasurementTimingBudgetMicroSeconds
 .text.VL53L1_SetInterMeasurementPeriodMilliSeconds
                0x0000000008002310       0x26 Core/VL53L1/core/vl53l1_api.o
                0x0000000008002310                VL53L1_SetInterMeasurementPeriodMilliSeconds
 .text.SetLimitValue
                0x0000000008002336       0x52 Core/VL53L1/core/vl53l1_api.o
 .text.VL53L1_SetLimitCheckEnable
                0x0000000008002388       0x7c Core/VL53L1/core/vl53l1_api.o
                0x0000000008002388                VL53L1_SetLimitCheckEnable
 .text.VL53L1_GetLimitCheckEnable
                0x0000000008002404       0x46 Core/VL53L1/core/vl53l1_api.o
                0x0000000008002404                VL53L1_GetLimitCheckEnable
 .text.VL53L1_SetLimitCheckValue
                0x000000000800244a       0x72 Core/VL53L1/core/vl53l1_api.o
                0x000000000800244a                VL53L1_SetLimitCheckValue
 .text.VL53L1_GetLimitCheckValue
                0x00000000080024bc       0xae Core/VL53L1/core/vl53l1_api.o
                0x00000000080024bc                VL53L1_GetLimitCheckValue
 .text.VL53L1_SetUserROI
                0x000000000800256a       0xa8 Core/VL53L1/core/vl53l1_api.o
                0x000000000800256a                VL53L1_SetUserROI
 .text.VL53L1_GetSequenceStepEnable
                0x0000000008002612       0x2e Core/VL53L1/core/vl53l1_api.o
                0x0000000008002612                VL53L1_GetSequenceStepEnable
 .text.VL53L1_StartMeasurement
                0x0000000008002640       0x7e Core/VL53L1/core/vl53l1_api.o
                0x0000000008002640                VL53L1_StartMeasurement
 .text.ChangePresetMode
                0x00000000080026be      0x124 Core/VL53L1/core/vl53l1_api.o
 .text.VL53L1_ClearInterruptAndStartMeasurement
                0x00000000080027e2       0x50 Core/VL53L1/core/vl53l1_api.o
                0x00000000080027e2                VL53L1_ClearInterruptAndStartMeasurement
 .text.VL53L1_WaitMeasurementDataReady
                0x0000000008002832       0x26 Core/VL53L1/core/vl53l1_api.o
                0x0000000008002832                VL53L1_WaitMeasurementDataReady
 .text.ComputeRQL
                0x0000000008002858       0xf0 Core/VL53L1/core/vl53l1_api.o
 .text.ConvertStatusLite
                0x0000000008002948       0xa0 Core/VL53L1/core/vl53l1_api.o
 .text.SetSimpleData
                0x00000000080029e8      0x1c0 Core/VL53L1/core/vl53l1_api.o
 .text.VL53L1_GetRangingMeasurementData
                0x0000000008002ba8       0x78 Core/VL53L1/core/vl53l1_api.o
                0x0000000008002ba8                VL53L1_GetRangingMeasurementData
 .text.VL53L1_SetCalibrationData
                0x0000000008002c20       0xe8 Core/VL53L1/core/vl53l1_api.o
                0x0000000008002c20                VL53L1_SetCalibrationData
 .text.VL53L1_GetCalibrationData
                0x0000000008002d08      0x10a Core/VL53L1/core/vl53l1_api.o
                0x0000000008002d08                VL53L1_GetCalibrationData
 .text.VL53L1_data_init
                0x0000000008002e12      0x13a Core/VL53L1/core/vl53l1_api_core.o
                0x0000000008002e12                VL53L1_data_init
 .text.VL53L1_read_p2p_data
                0x0000000008002f4c      0x100 Core/VL53L1/core/vl53l1_api_core.o
                0x0000000008002f4c                VL53L1_read_p2p_data
 .text.VL53L1_set_part_to_part_data
                0x000000000800304c       0xf4 Core/VL53L1/core/vl53l1_api_core.o
                0x000000000800304c                VL53L1_set_part_to_part_data
 .text.VL53L1_get_part_to_part_data
                0x0000000008003140       0xb0 Core/VL53L1/core/vl53l1_api_core.o
                0x0000000008003140                VL53L1_get_part_to_part_data
 .text.VL53L1_set_inter_measurement_period_ms
                0x00000000080031f0       0x52 Core/VL53L1/core/vl53l1_api_core.o
                0x00000000080031f0                VL53L1_set_inter_measurement_period_ms
 .text.VL53L1_set_timeouts_us
                0x0000000008003242       0x70 Core/VL53L1/core/vl53l1_api_core.o
                0x0000000008003242                VL53L1_set_timeouts_us
 .text.VL53L1_get_timeouts_us
                0x00000000080032b2       0xd6 Core/VL53L1/core/vl53l1_api_core.o
                0x00000000080032b2                VL53L1_get_timeouts_us
 .text.VL53L1_get_sequence_config_bit
                0x0000000008003388       0x6e Core/VL53L1/core/vl53l1_api_core.o
                0x0000000008003388                VL53L1_get_sequence_config_bit
 .text.VL53L1_set_user_zone
                0x00000000080033f6       0x46 Core/VL53L1/core/vl53l1_api_core.o
                0x00000000080033f6                VL53L1_set_user_zone
 .text.VL53L1_get_user_zone
                0x000000000800343c       0x44 Core/VL53L1/core/vl53l1_api_core.o
                0x000000000800343c                VL53L1_get_user_zone
 .text.VL53L1_get_mode_mitigation_roi
                0x0000000008003480       0x68 Core/VL53L1/core/vl53l1_api_core.o
                0x0000000008003480                VL53L1_get_mode_mitigation_roi
 .text.VL53L1_get_preset_mode_timing_cfg
                0x00000000080034e8      0x154 Core/VL53L1/core/vl53l1_api_core.o
                0x00000000080034e8                VL53L1_get_preset_mode_timing_cfg
 .text.VL53L1_set_preset_mode
                0x000000000800363c      0x2ec Core/VL53L1/core/vl53l1_api_core.o
                0x000000000800363c                VL53L1_set_preset_mode
 .text.VL53L1_get_lite_sigma_threshold
                0x0000000008003928       0x2c Core/VL53L1/core/vl53l1_api_core.o
                0x0000000008003928                VL53L1_get_lite_sigma_threshold
 .text.VL53L1_set_lite_sigma_threshold
                0x0000000008003954       0x2c Core/VL53L1/core/vl53l1_api_core.o
                0x0000000008003954                VL53L1_set_lite_sigma_threshold
 .text.VL53L1_get_lite_min_count_rate
                0x0000000008003980       0x2c Core/VL53L1/core/vl53l1_api_core.o
                0x0000000008003980                VL53L1_get_lite_min_count_rate
 .text.VL53L1_set_lite_min_count_rate
                0x00000000080039ac       0x2c Core/VL53L1/core/vl53l1_api_core.o
                0x00000000080039ac                VL53L1_set_lite_min_count_rate
 .text.VL53L1_set_vhv_loopbound
                0x00000000080039d8       0x40 Core/VL53L1/core/vl53l1_api_core.o
                0x00000000080039d8                VL53L1_set_vhv_loopbound
 .text.VL53L1_init_and_start_range
                0x0000000008003a18      0x454 Core/VL53L1/core/vl53l1_api_core.o
                0x0000000008003a18                VL53L1_init_and_start_range
 .text.VL53L1_stop_range
                0x0000000008003e6c       0x74 Core/VL53L1/core/vl53l1_api_core.o
                0x0000000008003e6c                VL53L1_stop_range
 .text.VL53L1_get_measurement_results
                0x0000000008003ee0      0x14e Core/VL53L1/core/vl53l1_api_core.o
                0x0000000008003ee0                VL53L1_get_measurement_results
 .text.VL53L1_get_device_results
                0x000000000800402e       0xfc Core/VL53L1/core/vl53l1_api_core.o
                0x000000000800402e                VL53L1_get_device_results
 .text.VL53L1_clear_interrupt_and_enable_next_range
                0x000000000800412a       0x34 Core/VL53L1/core/vl53l1_api_core.o
                0x000000000800412a                VL53L1_clear_interrupt_and_enable_next_range
 *fill*         0x000000000800415e        0x2 
 .text.VL53L1_copy_sys_and_core_results_to_range_results
                0x0000000008004160      0x234 Core/VL53L1/core/vl53l1_api_core.o
                0x0000000008004160                VL53L1_copy_sys_and_core_results_to_range_results
 .text.VL53L1_get_tuning_parm
                0x0000000008004394      0x448 Core/VL53L1/core/vl53l1_api_core.o
                0x0000000008004394                VL53L1_get_tuning_parm
 .text.VL53L1_init_refspadchar_config_struct
                0x00000000080047dc       0x48 Core/VL53L1/core/vl53l1_api_preset_modes.o
                0x00000000080047dc                VL53L1_init_refspadchar_config_struct
 .text.VL53L1_init_ssc_config_struct
                0x0000000008004824       0x42 Core/VL53L1/core/vl53l1_api_preset_modes.o
                0x0000000008004824                VL53L1_init_ssc_config_struct
 .text.VL53L1_init_xtalk_config_struct
                0x0000000008004866       0xc4 Core/VL53L1/core/vl53l1_api_preset_modes.o
                0x0000000008004866                VL53L1_init_xtalk_config_struct
 .text.VL53L1_init_offset_cal_config_struct
                0x000000000800492a       0x4e Core/VL53L1/core/vl53l1_api_preset_modes.o
                0x000000000800492a                VL53L1_init_offset_cal_config_struct
 .text.VL53L1_init_tuning_parm_storage_struct
                0x0000000008004978      0x11c Core/VL53L1/core/vl53l1_api_preset_modes.o
                0x0000000008004978                VL53L1_init_tuning_parm_storage_struct
 .text.VL53L1_preset_mode_standard_ranging
                0x0000000008004a94      0x23c Core/VL53L1/core/vl53l1_api_preset_modes.o
                0x0000000008004a94                VL53L1_preset_mode_standard_ranging
 .text.VL53L1_preset_mode_standard_ranging_short_range
                0x0000000008004cd0       0x82 Core/VL53L1/core/vl53l1_api_preset_modes.o
                0x0000000008004cd0                VL53L1_preset_mode_standard_ranging_short_range
 .text.VL53L1_preset_mode_standard_ranging_long_range
                0x0000000008004d52       0x82 Core/VL53L1/core/vl53l1_api_preset_modes.o
                0x0000000008004d52                VL53L1_preset_mode_standard_ranging_long_range
 .text.VL53L1_preset_mode_standard_ranging_mm1_cal
                0x0000000008004dd4       0x4a Core/VL53L1/core/vl53l1_api_preset_modes.o
                0x0000000008004dd4                VL53L1_preset_mode_standard_ranging_mm1_cal
 .text.VL53L1_preset_mode_standard_ranging_mm2_cal
                0x0000000008004e1e       0x4a Core/VL53L1/core/vl53l1_api_preset_modes.o
                0x0000000008004e1e                VL53L1_preset_mode_standard_ranging_mm2_cal
 .text.VL53L1_preset_mode_timed_ranging
                0x0000000008004e68       0x74 Core/VL53L1/core/vl53l1_api_preset_modes.o
                0x0000000008004e68                VL53L1_preset_mode_timed_ranging
 .text.VL53L1_preset_mode_timed_ranging_short_range
                0x0000000008004edc       0x74 Core/VL53L1/core/vl53l1_api_preset_modes.o
                0x0000000008004edc                VL53L1_preset_mode_timed_ranging_short_range
 .text.VL53L1_preset_mode_timed_ranging_long_range
                0x0000000008004f50       0x74 Core/VL53L1/core/vl53l1_api_preset_modes.o
                0x0000000008004f50                VL53L1_preset_mode_timed_ranging_long_range
 .text.VL53L1_preset_mode_low_power_auto_ranging
                0x0000000008004fc4       0x4c Core/VL53L1/core/vl53l1_api_preset_modes.o
                0x0000000008004fc4                VL53L1_preset_mode_low_power_auto_ranging
 .text.VL53L1_preset_mode_low_power_auto_short_ranging
                0x0000000008005010       0x4c Core/VL53L1/core/vl53l1_api_preset_modes.o
                0x0000000008005010                VL53L1_preset_mode_low_power_auto_short_ranging
 .text.VL53L1_preset_mode_low_power_auto_long_ranging
                0x000000000800505c       0x4c Core/VL53L1/core/vl53l1_api_preset_modes.o
                0x000000000800505c                VL53L1_preset_mode_low_power_auto_long_ranging
 .text.VL53L1_preset_mode_singleshot_ranging
                0x00000000080050a8       0x6c Core/VL53L1/core/vl53l1_api_preset_modes.o
                0x00000000080050a8                VL53L1_preset_mode_singleshot_ranging
 .text.VL53L1_preset_mode_olt
                0x0000000008005114       0x44 Core/VL53L1/core/vl53l1_api_preset_modes.o
                0x0000000008005114                VL53L1_preset_mode_olt
 .text.VL53L1_init_version
                0x0000000008005158       0x38 Core/VL53L1/core/vl53l1_core.o
                0x0000000008005158                VL53L1_init_version
 .text.VL53L1_init_ll_driver_state
                0x0000000008005190       0x52 Core/VL53L1/core/vl53l1_core.o
                0x0000000008005190                VL53L1_init_ll_driver_state
 *fill*         0x00000000080051e2        0x2 
 .text.VL53L1_update_ll_driver_rd_state
                0x00000000080051e4      0x110 Core/VL53L1/core/vl53l1_core.o
                0x00000000080051e4                VL53L1_update_ll_driver_rd_state
 .text.VL53L1_check_ll_driver_rd_state
                0x00000000080052f4       0x96 Core/VL53L1/core/vl53l1_core.o
                0x00000000080052f4                VL53L1_check_ll_driver_rd_state
 .text.VL53L1_update_ll_driver_cfg_state
                0x000000000800538a       0xcc Core/VL53L1/core/vl53l1_core.o
                0x000000000800538a                VL53L1_update_ll_driver_cfg_state
 .text.VL53L1_copy_rtn_good_spads_to_buffer
                0x0000000008005456      0x174 Core/VL53L1/core/vl53l1_core.o
                0x0000000008005456                VL53L1_copy_rtn_good_spads_to_buffer
 .text.VL53L1_i2c_encode_uint16_t
                0x00000000080055ca       0x56 Core/VL53L1/core/vl53l1_core.o
                0x00000000080055ca                VL53L1_i2c_encode_uint16_t
 .text.VL53L1_i2c_decode_uint16_t
                0x0000000008005620       0x40 Core/VL53L1/core/vl53l1_core.o
                0x0000000008005620                VL53L1_i2c_decode_uint16_t
 .text.VL53L1_i2c_encode_int16_t
                0x0000000008005660       0x58 Core/VL53L1/core/vl53l1_core.o
                0x0000000008005660                VL53L1_i2c_encode_int16_t
 .text.VL53L1_i2c_decode_int16_t
                0x00000000080056b8       0x52 Core/VL53L1/core/vl53l1_core.o
                0x00000000080056b8                VL53L1_i2c_decode_int16_t
 .text.VL53L1_i2c_encode_uint32_t
                0x000000000800570a       0x54 Core/VL53L1/core/vl53l1_core.o
                0x000000000800570a                VL53L1_i2c_encode_uint32_t
 .text.VL53L1_i2c_decode_uint32_t
                0x000000000800575e       0x3a Core/VL53L1/core/vl53l1_core.o
                0x000000000800575e                VL53L1_i2c_decode_uint32_t
 .text.VL53L1_i2c_decode_int32_t
                0x0000000008005798       0x4a Core/VL53L1/core/vl53l1_core.o
                0x0000000008005798                VL53L1_i2c_decode_int32_t
 .text.VL53L1_calc_macro_period_us
                0x00000000080057e2       0x5e Core/VL53L1/core/vl53l1_core.o
                0x00000000080057e2                VL53L1_calc_macro_period_us
 .text.VL53L1_calc_range_ignore_threshold
                0x0000000008005840       0xc4 Core/VL53L1/core/vl53l1_core.o
                0x0000000008005840                VL53L1_calc_range_ignore_threshold
 .text.VL53L1_calc_timeout_mclks
                0x0000000008005904       0x2e Core/VL53L1/core/vl53l1_core.o
                0x0000000008005904                VL53L1_calc_timeout_mclks
 .text.VL53L1_calc_encoded_timeout
                0x0000000008005932       0x30 Core/VL53L1/core/vl53l1_core.o
                0x0000000008005932                VL53L1_calc_encoded_timeout
 .text.VL53L1_calc_timeout_us
                0x0000000008005962       0x7c Core/VL53L1/core/vl53l1_core.o
                0x0000000008005962                VL53L1_calc_timeout_us
 *fill*         0x00000000080059de        0x2 
 .text.VL53L1_calc_crosstalk_plane_offset_with_margin
                0x00000000080059e0       0x4c Core/VL53L1/core/vl53l1_core.o
                0x00000000080059e0                VL53L1_calc_crosstalk_plane_offset_with_margin
 .text.VL53L1_calc_decoded_timeout_us
                0x0000000008005a2c       0x32 Core/VL53L1/core/vl53l1_core.o
                0x0000000008005a2c                VL53L1_calc_decoded_timeout_us
 .text.VL53L1_encode_timeout
                0x0000000008005a5e       0x58 Core/VL53L1/core/vl53l1_core.o
                0x0000000008005a5e                VL53L1_encode_timeout
 .text.VL53L1_decode_timeout
                0x0000000008005ab6       0x2c Core/VL53L1/core/vl53l1_core.o
                0x0000000008005ab6                VL53L1_decode_timeout
 .text.VL53L1_calc_timeout_register_values
                0x0000000008005ae2       0xf2 Core/VL53L1/core/vl53l1_core.o
                0x0000000008005ae2                VL53L1_calc_timeout_register_values
 .text.VL53L1_encode_row_col
                0x0000000008005bd4       0x4e Core/VL53L1/core/vl53l1_core.o
                0x0000000008005bd4                VL53L1_encode_row_col
 .text.VL53L1_decode_zone_size
                0x0000000008005c22       0x30 Core/VL53L1/core/vl53l1_core.o
                0x0000000008005c22                VL53L1_decode_zone_size
 .text.VL53L1_encode_zone_size
                0x0000000008005c52       0x2c Core/VL53L1/core/vl53l1_core.o
                0x0000000008005c52                VL53L1_encode_zone_size
 .text.VL53L1_low_power_auto_data_init
                0x0000000008005c7e       0x68 Core/VL53L1/core/vl53l1_core.o
                0x0000000008005c7e                VL53L1_low_power_auto_data_init
 .text.VL53L1_low_power_auto_data_stop_range
                0x0000000008005ce6       0x74 Core/VL53L1/core/vl53l1_core.o
                0x0000000008005ce6                VL53L1_low_power_auto_data_stop_range
 .text.VL53L1_config_low_power_auto_mode
                0x0000000008005d5a       0x40 Core/VL53L1/core/vl53l1_core.o
                0x0000000008005d5a                VL53L1_config_low_power_auto_mode
 .text.VL53L1_low_power_auto_setup_manual_calibration
                0x0000000008005d9a       0x8a Core/VL53L1/core/vl53l1_core.o
                0x0000000008005d9a                VL53L1_low_power_auto_setup_manual_calibration
 .text.VL53L1_low_power_auto_update_DSS
                0x0000000008005e24       0xee Core/VL53L1/core/vl53l1_core.o
                0x0000000008005e24                VL53L1_low_power_auto_update_DSS
 .text.VL53L1_calc_pll_period_us
                0x0000000008005f12       0x28 Core/VL53L1/core/vl53l1_core_support.o
                0x0000000008005f12                VL53L1_calc_pll_period_us
 .text.VL53L1_decode_vcsel_period
                0x0000000008005f3a       0x26 Core/VL53L1/core/vl53l1_core_support.o
                0x0000000008005f3a                VL53L1_decode_vcsel_period
 .text.VL53L1_decode_row_col
                0x0000000008005f60       0x5e Core/VL53L1/core/vl53l1_core_support.o
                0x0000000008005f60                VL53L1_decode_row_col
 .text.VL53L1_i2c_encode_static_nvm_managed
                0x0000000008005fbe       0xb6 Core/VL53L1/core/vl53l1_register_funcs.o
                0x0000000008005fbe                VL53L1_i2c_encode_static_nvm_managed
 .text.VL53L1_i2c_decode_static_nvm_managed
                0x0000000008006074       0xb4 Core/VL53L1/core/vl53l1_register_funcs.o
                0x0000000008006074                VL53L1_i2c_decode_static_nvm_managed
 .text.VL53L1_get_static_nvm_managed
                0x0000000008006128       0x4e Core/VL53L1/core/vl53l1_register_funcs.o
                0x0000000008006128                VL53L1_get_static_nvm_managed
 .text.VL53L1_i2c_encode_customer_nvm_managed
                0x0000000008006176      0x114 Core/VL53L1/core/vl53l1_register_funcs.o
                0x0000000008006176                VL53L1_i2c_encode_customer_nvm_managed
 .text.VL53L1_i2c_decode_customer_nvm_managed
                0x000000000800628a      0x11a Core/VL53L1/core/vl53l1_register_funcs.o
                0x000000000800628a                VL53L1_i2c_decode_customer_nvm_managed
 .text.VL53L1_get_customer_nvm_managed
                0x00000000080063a4       0x4e Core/VL53L1/core/vl53l1_register_funcs.o
                0x00000000080063a4                VL53L1_get_customer_nvm_managed
 .text.VL53L1_i2c_encode_static_config
                0x00000000080063f2      0x1c6 Core/VL53L1/core/vl53l1_register_funcs.o
                0x00000000080063f2                VL53L1_i2c_encode_static_config
 .text.VL53L1_i2c_encode_general_config
                0x00000000080065b8      0x108 Core/VL53L1/core/vl53l1_register_funcs.o
                0x00000000080065b8                VL53L1_i2c_encode_general_config
 .text.VL53L1_i2c_encode_timing_config
                0x00000000080066c0      0x104 Core/VL53L1/core/vl53l1_register_funcs.o
                0x00000000080066c0                VL53L1_i2c_encode_timing_config
 .text.VL53L1_i2c_encode_dynamic_config
                0x00000000080067c4      0x10a Core/VL53L1/core/vl53l1_register_funcs.o
                0x00000000080067c4                VL53L1_i2c_encode_dynamic_config
 .text.VL53L1_i2c_encode_system_control
                0x00000000080068ce       0x76 Core/VL53L1/core/vl53l1_register_funcs.o
                0x00000000080068ce                VL53L1_i2c_encode_system_control
 .text.VL53L1_set_system_control
                0x0000000008006944       0x4e Core/VL53L1/core/vl53l1_register_funcs.o
                0x0000000008006944                VL53L1_set_system_control
 .text.VL53L1_i2c_decode_system_results
                0x0000000008006992      0x1ec Core/VL53L1/core/vl53l1_register_funcs.o
                0x0000000008006992                VL53L1_i2c_decode_system_results
 .text.VL53L1_i2c_decode_core_results
                0x0000000008006b7e       0xc2 Core/VL53L1/core/vl53l1_register_funcs.o
                0x0000000008006b7e                VL53L1_i2c_decode_core_results
 .text.VL53L1_i2c_decode_debug_results
                0x0000000008006c40      0x2e4 Core/VL53L1/core/vl53l1_register_funcs.o
                0x0000000008006c40                VL53L1_i2c_decode_debug_results
 .text.VL53L1_i2c_decode_nvm_copy_data
                0x0000000008006f24      0x24c Core/VL53L1/core/vl53l1_register_funcs.o
                0x0000000008006f24                VL53L1_i2c_decode_nvm_copy_data
 .text.VL53L1_get_nvm_copy_data
                0x0000000008007170       0x56 Core/VL53L1/core/vl53l1_register_funcs.o
                0x0000000008007170                VL53L1_get_nvm_copy_data
 .text.VL53L1_poll_for_boot_completion
                0x00000000080071c6       0x58 Core/VL53L1/core/vl53l1_wait.o
                0x00000000080071c6                VL53L1_poll_for_boot_completion
 .text.VL53L1_poll_for_range_completion
                0x000000000800721e       0x5a Core/VL53L1/core/vl53l1_wait.o
                0x000000000800721e                VL53L1_poll_for_range_completion
 .text.VL53L1_WriteMulti
                0x0000000008007278       0x46 Core/VL53L1/platform/vl53l1_platform.o
                0x0000000008007278                VL53L1_WriteMulti
 .text.VL53L1_ReadMulti
                0x00000000080072be       0x46 Core/VL53L1/platform/vl53l1_platform.o
                0x00000000080072be                VL53L1_ReadMulti
 .text.VL53L1_RdByte
                0x0000000008007304       0x42 Core/VL53L1/platform/vl53l1_platform.o
                0x0000000008007304                VL53L1_RdByte
 .text.VL53L1_RdWord
                0x0000000008007346       0x44 Core/VL53L1/platform/vl53l1_platform.o
                0x0000000008007346                VL53L1_RdWord
 .text.VL53L1_WaitMs
                0x000000000800738a       0x22 Core/VL53L1/platform/vl53l1_platform.o
                0x000000000800738a                VL53L1_WaitMs
 .text.VL53L1_WaitUs
                0x00000000080073ac       0x2a Core/VL53L1/platform/vl53l1_platform.o
                0x00000000080073ac                VL53L1_WaitUs
 .text.VL53L1_WaitValueMaskEx
                0x00000000080073d6       0xb2 Core/VL53L1/platform/vl53l1_platform.o
                0x00000000080073d6                VL53L1_WaitValueMaskEx
 .text.HAL_Init
                0x0000000008007488       0x44 Drivers/STM32F4xx_HAL_Driver/stm32f4xx_hal.o
                0x0000000008007488                HAL_Init
 .text.HAL_InitTick
                0x00000000080074cc       0x60 Drivers/STM32F4xx_HAL_Driver/stm32f4xx_hal.o
                0x00000000080074cc                HAL_InitTick
 .text.HAL_IncTick
                0x000000000800752c       0x28 Drivers/STM32F4xx_HAL_Driver/stm32f4xx_hal.o
                0x000000000800752c                HAL_IncTick
 .text.HAL_GetTick
                0x0000000008007554       0x18 Drivers/STM32F4xx_HAL_Driver/stm32f4xx_hal.o
                0x0000000008007554                HAL_GetTick
 .text.HAL_Delay
                0x000000000800756c       0x48 Drivers/STM32F4xx_HAL_Driver/stm32f4xx_hal.o
                0x000000000800756c                HAL_Delay
 .text.__NVIC_SetPriorityGrouping
                0x00000000080075b4       0x48 Drivers/STM32F4xx_HAL_Driver/stm32f4xx_hal_cortex.o
 .text.__NVIC_GetPriorityGrouping
                0x00000000080075fc       0x1c Drivers/STM32F4xx_HAL_Driver/stm32f4xx_hal_cortex.o
 .text.__NVIC_EnableIRQ
                0x0000000008007618       0x3c Drivers/STM32F4xx_HAL_Driver/stm32f4xx_hal_cortex.o
 .text.__NVIC_SetPriority
                0x0000000008007654       0x54 Drivers/STM32F4xx_HAL_Driver/stm32f4xx_hal_cortex.o
 .text.NVIC_EncodePriority
                0x00000000080076a8       0x66 Drivers/STM32F4xx_HAL_Driver/stm32f4xx_hal_cortex.o
 *fill*         0x000000000800770e        0x2 
 .text.SysTick_Config
                0x0000000008007710       0x44 Drivers/STM32F4xx_HAL_Driver/stm32f4xx_hal_cortex.o
 .text.HAL_NVIC_SetPriorityGrouping
                0x0000000008007754       0x16 Drivers/STM32F4xx_HAL_Driver/stm32f4xx_hal_cortex.o
                0x0000000008007754                HAL_NVIC_SetPriorityGrouping
 .text.HAL_NVIC_SetPriority
                0x000000000800776a       0x38 Drivers/STM32F4xx_HAL_Driver/stm32f4xx_hal_cortex.o
                0x000000000800776a                HAL_NVIC_SetPriority
 .text.HAL_NVIC_EnableIRQ
                0x00000000080077a2       0x1c Drivers/STM32F4xx_HAL_Driver/stm32f4xx_hal_cortex.o
                0x00000000080077a2                HAL_NVIC_EnableIRQ
 .text.HAL_SYSTICK_Config
                0x00000000080077be       0x18 Drivers/STM32F4xx_HAL_Driver/stm32f4xx_hal_cortex.o
                0x00000000080077be                HAL_SYSTICK_Config
 .text.HAL_DMA_Abort
                0x00000000080077d6       0xe0 Drivers/STM32F4xx_HAL_Driver/stm32f4xx_hal_dma.o
                0x00000000080077d6                HAL_DMA_Abort
 .text.HAL_DMA_Abort_IT
                0x00000000080078b6       0x44 Drivers/STM32F4xx_HAL_Driver/stm32f4xx_hal_dma.o
                0x00000000080078b6                HAL_DMA_Abort_IT
 *fill*         0x00000000080078fa        0x2 
 .text.HAL_GPIO_Init
                0x00000000080078fc      0x338 Drivers/STM32F4xx_HAL_Driver/stm32f4xx_hal_gpio.o
                0x00000000080078fc                HAL_GPIO_Init
 .text.HAL_GPIO_WritePin
                0x0000000008007c34       0x32 Drivers/STM32F4xx_HAL_Driver/stm32f4xx_hal_gpio.o
                0x0000000008007c34                HAL_GPIO_WritePin
 *fill*         0x0000000008007c66        0x2 
 .text.HAL_I2C_Init
                0x0000000008007c68      0x288 Drivers/STM32F4xx_HAL_Driver/stm32f4xx_hal_i2c.o
                0x0000000008007c68                HAL_I2C_Init
 .text.HAL_I2C_Mem_Write
                0x0000000008007ef0      0x1f4 Drivers/STM32F4xx_HAL_Driver/stm32f4xx_hal_i2c.o
                0x0000000008007ef0                HAL_I2C_Mem_Write
 .text.HAL_I2C_Mem_Read
                0x00000000080080e4      0x44c Drivers/STM32F4xx_HAL_Driver/stm32f4xx_hal_i2c.o
                0x00000000080080e4                HAL_I2C_Mem_Read
 .text.I2C_RequestMemoryWrite
                0x0000000008008530      0x12c Drivers/STM32F4xx_HAL_Driver/stm32f4xx_hal_i2c.o
 .text.I2C_RequestMemoryRead
                0x000000000800865c      0x1d0 Drivers/STM32F4xx_HAL_Driver/stm32f4xx_hal_i2c.o
 .text.I2C_WaitOnFlagUntilTimeout
                0x000000000800882c       0xae Drivers/STM32F4xx_HAL_Driver/stm32f4xx_hal_i2c.o
 .text.I2C_WaitOnMasterAddressFlagUntilTimeout
                0x00000000080088da       0xfe Drivers/STM32F4xx_HAL_Driver/stm32f4xx_hal_i2c.o
 .text.I2C_WaitOnTXEFlagUntilTimeout
                0x00000000080089d8       0x82 Drivers/STM32F4xx_HAL_Driver/stm32f4xx_hal_i2c.o
 .text.I2C_WaitOnBTFFlagUntilTimeout
                0x0000000008008a5a       0x82 Drivers/STM32F4xx_HAL_Driver/stm32f4xx_hal_i2c.o
 .text.I2C_WaitOnRXNEFlagUntilTimeout
                0x0000000008008adc       0xac Drivers/STM32F4xx_HAL_Driver/stm32f4xx_hal_i2c.o
 .text.I2C_IsAcknowledgeFailed
                0x0000000008008b88       0x5e Drivers/STM32F4xx_HAL_Driver/stm32f4xx_hal_i2c.o
 *fill*         0x0000000008008be6        0x2 
 .text.HAL_RCC_OscConfig
                0x0000000008008be8      0x4f0 Drivers/STM32F4xx_HAL_Driver/stm32f4xx_hal_rcc.o
                0x0000000008008be8                HAL_RCC_OscConfig
 .text.HAL_RCC_ClockConfig
                0x00000000080090d8      0x1cc Drivers/STM32F4xx_HAL_Driver/stm32f4xx_hal_rcc.o
                0x00000000080090d8                HAL_RCC_ClockConfig
 .text.HAL_RCC_GetSysClockFreq
                0x00000000080092a4      0x1c4 Drivers/STM32F4xx_HAL_Driver/stm32f4xx_hal_rcc.o
                0x00000000080092a4                HAL_RCC_GetSysClockFreq
 .text.HAL_RCC_GetHCLKFreq
                0x0000000008009468       0x18 Drivers/STM32F4xx_HAL_Driver/stm32f4xx_hal_rcc.o
                0x0000000008009468                HAL_RCC_GetHCLKFreq
 .text.HAL_RCC_GetPCLK1Freq
                0x0000000008009480       0x28 Drivers/STM32F4xx_HAL_Driver/stm32f4xx_hal_rcc.o
                0x0000000008009480                HAL_RCC_GetPCLK1Freq
 .text.HAL_RCC_GetPCLK2Freq
                0x00000000080094a8       0x28 Drivers/STM32F4xx_HAL_Driver/stm32f4xx_hal_rcc.o
                0x00000000080094a8                HAL_RCC_GetPCLK2Freq
 .text.HAL_TIM_Base_Init
                0x00000000080094d0       0x9e Drivers/STM32F4xx_HAL_Driver/stm32f4xx_hal_tim.o
                0x00000000080094d0                HAL_TIM_Base_Init
 *fill*         0x000000000800956e        0x2 
 .text.HAL_TIM_Base_Start_IT
                0x0000000008009570       0xe0 Drivers/STM32F4xx_HAL_Driver/stm32f4xx_hal_tim.o
                0x0000000008009570                HAL_TIM_Base_Start_IT
 .text.HAL_TIM_IRQHandler
                0x0000000008009650      0x210 Drivers/STM32F4xx_HAL_Driver/stm32f4xx_hal_tim.o
                0x0000000008009650                HAL_TIM_IRQHandler
 .text.HAL_TIM_OC_DelayElapsedCallback
                0x0000000008009860       0x14 Drivers/STM32F4xx_HAL_Driver/stm32f4xx_hal_tim.o
                0x0000000008009860                HAL_TIM_OC_DelayElapsedCallback
 .text.HAL_TIM_IC_CaptureCallback
                0x0000000008009874       0x14 Drivers/STM32F4xx_HAL_Driver/stm32f4xx_hal_tim.o
                0x0000000008009874                HAL_TIM_IC_CaptureCallback
 .text.HAL_TIM_PWM_PulseFinishedCallback
                0x0000000008009888       0x14 Drivers/STM32F4xx_HAL_Driver/stm32f4xx_hal_tim.o
                0x0000000008009888                HAL_TIM_PWM_PulseFinishedCallback
 .text.HAL_TIM_TriggerCallback
                0x000000000800989c       0x14 Drivers/STM32F4xx_HAL_Driver/stm32f4xx_hal_tim.o
                0x000000000800989c                HAL_TIM_TriggerCallback
 .text.TIM_Base_SetConfig
                0x00000000080098b0      0x140 Drivers/STM32F4xx_HAL_Driver/stm32f4xx_hal_tim.o
                0x00000000080098b0                TIM_Base_SetConfig
 .text.HAL_TIMEx_MasterConfigSynchronization
                0x00000000080099f0       0xf8 Drivers/STM32F4xx_HAL_Driver/stm32f4xx_hal_tim_ex.o
                0x00000000080099f0                HAL_TIMEx_MasterConfigSynchronization
 .text.HAL_TIMEx_CommutCallback
                0x0000000008009ae8       0x14 Drivers/STM32F4xx_HAL_Driver/stm32f4xx_hal_tim_ex.o
                0x0000000008009ae8                HAL_TIMEx_CommutCallback
 .text.HAL_TIMEx_BreakCallback
                0x0000000008009afc       0x14 Drivers/STM32F4xx_HAL_Driver/stm32f4xx_hal_tim_ex.o
                0x0000000008009afc                HAL_TIMEx_BreakCallback
 .text.HAL_UART_Init
                0x0000000008009b10       0x9a Drivers/STM32F4xx_HAL_Driver/stm32f4xx_hal_uart.o
                0x0000000008009b10                HAL_UART_Init
 .text.HAL_UART_Transmit
                0x0000000008009baa      0x124 Drivers/STM32F4xx_HAL_Driver/stm32f4xx_hal_uart.o
                0x0000000008009baa                HAL_UART_Transmit
 *fill*         0x0000000008009cce        0x2 
 .text.HAL_UART_IRQHandler
                0x0000000008009cd0      0x358 Drivers/STM32F4xx_HAL_Driver/stm32f4xx_hal_uart.o
                0x0000000008009cd0                HAL_UART_IRQHandler
 .text.HAL_UART_TxCpltCallback
                0x000000000800a028       0x14 Drivers/STM32F4xx_HAL_Driver/stm32f4xx_hal_uart.o
                0x000000000800a028                HAL_UART_TxCpltCallback
 .text.HAL_UART_RxCpltCallback
                0x000000000800a03c       0x14 Drivers/STM32F4xx_HAL_Driver/stm32f4xx_hal_uart.o
                0x000000000800a03c                HAL_UART_RxCpltCallback
 .text.HAL_UART_ErrorCallback
                0x000000000800a050       0x14 Drivers/STM32F4xx_HAL_Driver/stm32f4xx_hal_uart.o
                0x000000000800a050                HAL_UART_ErrorCallback
 .text.HAL_UARTEx_RxEventCallback
                0x000000000800a064       0x18 Drivers/STM32F4xx_HAL_Driver/stm32f4xx_hal_uart.o
                0x000000000800a064                HAL_UARTEx_RxEventCallback
 .text.UART_WaitOnFlagUntilTimeout
                0x000000000800a07c       0x94 Drivers/STM32F4xx_HAL_Driver/stm32f4xx_hal_uart.o
 .text.UART_EndRxTransfer
                0x000000000800a110       0x5a Drivers/STM32F4xx_HAL_Driver/stm32f4xx_hal_uart.o
 .text.UART_DMAAbortOnError
                0x000000000800a16a       0x28 Drivers/STM32F4xx_HAL_Driver/stm32f4xx_hal_uart.o
 .text.UART_Transmit_IT
                0x000000000800a192       0xa0 Drivers/STM32F4xx_HAL_Driver/stm32f4xx_hal_uart.o
 .text.UART_EndTransmit_IT
                0x000000000800a232       0x30 Drivers/STM32F4xx_HAL_Driver/stm32f4xx_hal_uart.o
 .text.UART_Receive_IT
                0x000000000800a262      0x12e Drivers/STM32F4xx_HAL_Driver/stm32f4xx_hal_uart.o
 .text.UART_SetConfig
                0x000000000800a390      0x390 Drivers/STM32F4xx_HAL_Driver/stm32f4xx_hal_uart.o
 .text.__errno  0x000000000800a720        0xc c:/st/stm32cubeide_1.4.0/stm32cubeide/plugins/com.st.stm32cube.ide.mcu.externaltools.gnu-tools-for-stm32.9-2020-q2-update.win32_1.5.0.202011040924/tools/bin/../lib/gcc/arm-none-eabi/9.3.1/../../../../arm-none-eabi/lib/thumb/v7e-m+fp/hard\libc_nano.a(lib_a-errno.o)
                0x000000000800a720                __errno
 .text.__libc_init_array
                0x000000000800a72c       0x48 c:/st/stm32cubeide_1.4.0/stm32cubeide/plugins/com.st.stm32cube.ide.mcu.externaltools.gnu-tools-for-stm32.9-2020-q2-update.win32_1.5.0.202011040924/tools/bin/../lib/gcc/arm-none-eabi/9.3.1/../../../../arm-none-eabi/lib/thumb/v7e-m+fp/hard\libc_nano.a(lib_a-init.o)
                0x000000000800a72c                __libc_init_array
 .text.memcpy   0x000000000800a774       0x1c c:/st/stm32cubeide_1.4.0/stm32cubeide/plugins/com.st.stm32cube.ide.mcu.externaltools.gnu-tools-for-stm32.9-2020-q2-update.win32_1.5.0.202011040924/tools/bin/../lib/gcc/arm-none-eabi/9.3.1/../../../../arm-none-eabi/lib/thumb/v7e-m+fp/hard\libc_nano.a(lib_a-memcpy-stub.o)
                0x000000000800a774                memcpy
 .text.memset   0x000000000800a790       0x10 c:/st/stm32cubeide_1.4.0/stm32cubeide/plugins/com.st.stm32cube.ide.mcu.externaltools.gnu-tools-for-stm32.9-2020-q2-update.win32_1.5.0.202011040924/tools/bin/../lib/gcc/arm-none-eabi/9.3.1/../../../../arm-none-eabi/lib/thumb/v7e-m+fp/hard\libc_nano.a(lib_a-memset.o)
                0x000000000800a790                memset
 .text.__cvt    0x000000000800a7a0       0xc4 c:/st/stm32cubeide_1.4.0/stm32cubeide/plugins/com.st.stm32cube.ide.mcu.externaltools.gnu-tools-for-stm32.9-2020-q2-update.win32_1.5.0.202011040924/tools/bin/../lib/gcc/arm-none-eabi/9.3.1/../../../../arm-none-eabi/lib/thumb/v7e-m+fp/hard\libc_nano.a(lib_a-nano-vfprintf_float.o)
                0x000000000800a7a0                __cvt
 .text.__exponent
                0x000000000800a864       0x7c c:/st/stm32cubeide_1.4.0/stm32cubeide/plugins/com.st.stm32cube.ide.mcu.externaltools.gnu-tools-for-stm32.9-2020-q2-update.win32_1.5.0.202011040924/tools/bin/../lib/gcc/arm-none-eabi/9.3.1/../../../../arm-none-eabi/lib/thumb/v7e-m+fp/hard\libc_nano.a(lib_a-nano-vfprintf_float.o)
                0x000000000800a864                __exponent
 .text._printf_float
                0x000000000800a8e0      0x46c c:/st/stm32cubeide_1.4.0/stm32cubeide/plugins/com.st.stm32cube.ide.mcu.externaltools.gnu-tools-for-stm32.9-2020-q2-update.win32_1.5.0.202011040924/tools/bin/../lib/gcc/arm-none-eabi/9.3.1/../../../../arm-none-eabi/lib/thumb/v7e-m+fp/hard\libc_nano.a(lib_a-nano-vfprintf_float.o)
                0x000000000800a8e0                _printf_float
 .text._printf_common
                0x000000000800ad4c       0xda c:/st/stm32cubeide_1.4.0/stm32cubeide/plugins/com.st.stm32cube.ide.mcu.externaltools.gnu-tools-for-stm32.9-2020-q2-update.win32_1.5.0.202011040924/tools/bin/../lib/gcc/arm-none-eabi/9.3.1/../../../../arm-none-eabi/lib/thumb/v7e-m+fp/hard\libc_nano.a(lib_a-nano-vfprintf_i.o)
                0x000000000800ad4c                _printf_common
 *fill*         0x000000000800ae26        0x2 
 .text._printf_i
                0x000000000800ae28      0x24c c:/st/stm32cubeide_1.4.0/stm32cubeide/plugins/com.st.stm32cube.ide.mcu.externaltools.gnu-tools-for-stm32.9-2020-q2-update.win32_1.5.0.202011040924/tools/bin/../lib/gcc/arm-none-eabi/9.3.1/../../../../arm-none-eabi/lib/thumb/v7e-m+fp/hard\libc_nano.a(lib_a-nano-vfprintf_i.o)
                0x000000000800ae28                _printf_i
 .text._scanf_float
                0x000000000800b074      0x420 c:/st/stm32cubeide_1.4.0/stm32cubeide/plugins/com.st.stm32cube.ide.mcu.externaltools.gnu-tools-for-stm32.9-2020-q2-update.win32_1.5.0.202011040924/tools/bin/../lib/gcc/arm-none-eabi/9.3.1/../../../../arm-none-eabi/lib/thumb/v7e-m+fp/hard\libc_nano.a(lib_a-nano-vfscanf_float.o)
                0x000000000800b074                _scanf_float
 .text.printf   0x000000000800b494       0x30 c:/st/stm32cubeide_1.4.0/stm32cubeide/plugins/com.st.stm32cube.ide.mcu.externaltools.gnu-tools-for-stm32.9-2020-q2-update.win32_1.5.0.202011040924/tools/bin/../lib/gcc/arm-none-eabi/9.3.1/../../../../arm-none-eabi/lib/thumb/v7e-m+fp/hard\libc_nano.a(lib_a-printf.o)
                0x000000000800b494                iprintf
                0x000000000800b494                printf
 .text._puts_r  0x000000000800b4c4       0xdc c:/st/stm32cubeide_1.4.0/stm32cubeide/plugins/com.st.stm32cube.ide.mcu.externaltools.gnu-tools-for-stm32.9-2020-q2-update.win32_1.5.0.202011040924/tools/bin/../lib/gcc/arm-none-eabi/9.3.1/../../../../arm-none-eabi/lib/thumb/v7e-m+fp/hard\libc_nano.a(lib_a-puts.o)
                0x000000000800b4c4                _puts_r
 .text.puts     0x000000000800b5a0       0x10 c:/st/stm32cubeide_1.4.0/stm32cubeide/plugins/com.st.stm32cube.ide.mcu.externaltools.gnu-tools-for-stm32.9-2020-q2-update.win32_1.5.0.202011040924/tools/bin/../lib/gcc/arm-none-eabi/9.3.1/../../../../arm-none-eabi/lib/thumb/v7e-m+fp/hard\libc_nano.a(lib_a-puts.o)
                0x000000000800b5a0                puts
 .text.nanf     0x000000000800b5b0        0xc c:/st/stm32cubeide_1.4.0/stm32cubeide/plugins/com.st.stm32cube.ide.mcu.externaltools.gnu-tools-for-stm32.9-2020-q2-update.win32_1.5.0.202011040924/tools/bin/../lib/gcc/arm-none-eabi/9.3.1/../../../../arm-none-eabi/lib/thumb/v7e-m+fp/hard\libc_nano.a(lib_a-sf_nan.o)
                0x000000000800b5b0                nanf
 .text.sprintf  0x000000000800b5bc       0x40 c:/st/stm32cubeide_1.4.0/stm32cubeide/plugins/com.st.stm32cube.ide.mcu.externaltools.gnu-tools-for-stm32.9-2020-q2-update.win32_1.5.0.202011040924/tools/bin/../lib/gcc/arm-none-eabi/9.3.1/../../../../arm-none-eabi/lib/thumb/v7e-m+fp/hard\libc_nano.a(lib_a-sprintf.o)
                0x000000000800b5bc                siprintf
                0x000000000800b5bc                sprintf
 .text.sulp     0x000000000800b5fc       0x38 c:/st/stm32cubeide_1.4.0/stm32cubeide/plugins/com.st.stm32cube.ide.mcu.externaltools.gnu-tools-for-stm32.9-2020-q2-update.win32_1.5.0.202011040924/tools/bin/../lib/gcc/arm-none-eabi/9.3.1/../../../../arm-none-eabi/lib/thumb/v7e-m+fp/hard\libc_nano.a(lib_a-strtod.o)
 *fill*         0x000000000800b634        0x4 
 .text._strtod_l
                0x000000000800b638      0xc14 c:/st/stm32cubeide_1.4.0/stm32cubeide/plugins/com.st.stm32cube.ide.mcu.externaltools.gnu-tools-for-stm32.9-2020-q2-update.win32_1.5.0.202011040924/tools/bin/../lib/gcc/arm-none-eabi/9.3.1/../../../../arm-none-eabi/lib/thumb/v7e-m+fp/hard\libc_nano.a(lib_a-strtod.o)
                0x000000000800b638                _strtod_l
 .text._strtod_r
                0x000000000800c24c        0xc c:/st/stm32cubeide_1.4.0/stm32cubeide/plugins/com.st.stm32cube.ide.mcu.externaltools.gnu-tools-for-stm32.9-2020-q2-update.win32_1.5.0.202011040924/tools/bin/../lib/gcc/arm-none-eabi/9.3.1/../../../../arm-none-eabi/lib/thumb/v7e-m+fp/hard\libc_nano.a(lib_a-strtod.o)
                0x000000000800c24c                _strtod_r
 .text._strtol_l.isra.0
                0x000000000800c258      0x108 c:/st/stm32cubeide_1.4.0/stm32cubeide/plugins/com.st.stm32cube.ide.mcu.externaltools.gnu-tools-for-stm32.9-2020-q2-update.win32_1.5.0.202011040924/tools/bin/../lib/gcc/arm-none-eabi/9.3.1/../../../../arm-none-eabi/lib/thumb/v7e-m+fp/hard\libc_nano.a(lib_a-strtol.o)
 .text._strtol_r
                0x000000000800c360        0x4 c:/st/stm32cubeide_1.4.0/stm32cubeide/plugins/com.st.stm32cube.ide.mcu.externaltools.gnu-tools-for-stm32.9-2020-q2-update.win32_1.5.0.202011040924/tools/bin/../lib/gcc/arm-none-eabi/9.3.1/../../../../arm-none-eabi/lib/thumb/v7e-m+fp/hard\libc_nano.a(lib_a-strtol.o)
                0x000000000800c360                _strtol_r
 .text.__swbuf_r
                0x000000000800c364       0xa4 c:/st/stm32cubeide_1.4.0/stm32cubeide/plugins/com.st.stm32cube.ide.mcu.externaltools.gnu-tools-for-stm32.9-2020-q2-update.win32_1.5.0.202011040924/tools/bin/../lib/gcc/arm-none-eabi/9.3.1/../../../../arm-none-eabi/lib/thumb/v7e-m+fp/hard\libc_nano.a(lib_a-wbuf.o)
                0x000000000800c364                __swbuf_r
 .text.__swsetup_r
                0x000000000800c408       0xdc c:/st/stm32cubeide_1.4.0/stm32cubeide/plugins/com.st.stm32cube.ide.mcu.externaltools.gnu-tools-for-stm32.9-2020-q2-update.win32_1.5.0.202011040924/tools/bin/../lib/gcc/arm-none-eabi/9.3.1/../../../../arm-none-eabi/lib/thumb/v7e-m+fp/hard\libc_nano.a(lib_a-wsetup.o)
                0x000000000800c408                __swsetup_r
 .text.quorem   0x000000000800c4e4      0x116 c:/st/stm32cubeide_1.4.0/stm32cubeide/plugins/com.st.stm32cube.ide.mcu.externaltools.gnu-tools-for-stm32.9-2020-q2-update.win32_1.5.0.202011040924/tools/bin/../lib/gcc/arm-none-eabi/9.3.1/../../../../arm-none-eabi/lib/thumb/v7e-m+fp/hard\libc_nano.a(lib_a-dtoa.o)
 *fill*         0x000000000800c5fa        0x6 
 .text._dtoa_r  0x000000000800c600      0xbd8 c:/st/stm32cubeide_1.4.0/stm32cubeide/plugins/com.st.stm32cube.ide.mcu.externaltools.gnu-tools-for-stm32.9-2020-q2-update.win32_1.5.0.202011040924/tools/bin/../lib/gcc/arm-none-eabi/9.3.1/../../../../arm-none-eabi/lib/thumb/v7e-m+fp/hard\libc_nano.a(lib_a-dtoa.o)
                0x000000000800c600                _dtoa_r
 .text.__sflush_r
                0x000000000800d1d8      0x10c c:/st/stm32cubeide_1.4.0/stm32cubeide/plugins/com.st.stm32cube.ide.mcu.externaltools.gnu-tools-for-stm32.9-2020-q2-update.win32_1.5.0.202011040924/tools/bin/../lib/gcc/arm-none-eabi/9.3.1/../../../../arm-none-eabi/lib/thumb/v7e-m+fp/hard\libc_nano.a(lib_a-fflush.o)
                0x000000000800d1d8                __sflush_r
 .text._fflush_r
                0x000000000800d2e4       0x78 c:/st/stm32cubeide_1.4.0/stm32cubeide/plugins/com.st.stm32cube.ide.mcu.externaltools.gnu-tools-for-stm32.9-2020-q2-update.win32_1.5.0.202011040924/tools/bin/../lib/gcc/arm-none-eabi/9.3.1/../../../../arm-none-eabi/lib/thumb/v7e-m+fp/hard\libc_nano.a(lib_a-fflush.o)
                0x000000000800d2e4                _fflush_r
 .text.std      0x000000000800d35c       0x48 c:/st/stm32cubeide_1.4.0/stm32cubeide/plugins/com.st.stm32cube.ide.mcu.externaltools.gnu-tools-for-stm32.9-2020-q2-update.win32_1.5.0.202011040924/tools/bin/../lib/gcc/arm-none-eabi/9.3.1/../../../../arm-none-eabi/lib/thumb/v7e-m+fp/hard\libc_nano.a(lib_a-findfp.o)
 .text._cleanup_r
                0x000000000800d3a4        0xc c:/st/stm32cubeide_1.4.0/stm32cubeide/plugins/com.st.stm32cube.ide.mcu.externaltools.gnu-tools-for-stm32.9-2020-q2-update.win32_1.5.0.202011040924/tools/bin/../lib/gcc/arm-none-eabi/9.3.1/../../../../arm-none-eabi/lib/thumb/v7e-m+fp/hard\libc_nano.a(lib_a-findfp.o)
                0x000000000800d3a4                _cleanup_r
 .text.__sfmoreglue
                0x000000000800d3b0       0x2c c:/st/stm32cubeide_1.4.0/stm32cubeide/plugins/com.st.stm32cube.ide.mcu.externaltools.gnu-tools-for-stm32.9-2020-q2-update.win32_1.5.0.202011040924/tools/bin/../lib/gcc/arm-none-eabi/9.3.1/../../../../arm-none-eabi/lib/thumb/v7e-m+fp/hard\libc_nano.a(lib_a-findfp.o)
                0x000000000800d3b0                __sfmoreglue
 .text.__sfp_lock_acquire
                0x000000000800d3dc        0xc c:/st/stm32cubeide_1.4.0/stm32cubeide/plugins/com.st.stm32cube.ide.mcu.externaltools.gnu-tools-for-stm32.9-2020-q2-update.win32_1.5.0.202011040924/tools/bin/../lib/gcc/arm-none-eabi/9.3.1/../../../../arm-none-eabi/lib/thumb/v7e-m+fp/hard\libc_nano.a(lib_a-findfp.o)
                0x000000000800d3dc                __sfp_lock_acquire
 .text.__sfp_lock_release
                0x000000000800d3e8        0xc c:/st/stm32cubeide_1.4.0/stm32cubeide/plugins/com.st.stm32cube.ide.mcu.externaltools.gnu-tools-for-stm32.9-2020-q2-update.win32_1.5.0.202011040924/tools/bin/../lib/gcc/arm-none-eabi/9.3.1/../../../../arm-none-eabi/lib/thumb/v7e-m+fp/hard\libc_nano.a(lib_a-findfp.o)
                0x000000000800d3e8                __sfp_lock_release
 .text.__sinit_lock_acquire
                0x000000000800d3f4        0xc c:/st/stm32cubeide_1.4.0/stm32cubeide/plugins/com.st.stm32cube.ide.mcu.externaltools.gnu-tools-for-stm32.9-2020-q2-update.win32_1.5.0.202011040924/tools/bin/../lib/gcc/arm-none-eabi/9.3.1/../../../../arm-none-eabi/lib/thumb/v7e-m+fp/hard\libc_nano.a(lib_a-findfp.o)
                0x000000000800d3f4                __sinit_lock_acquire
 .text.__sinit_lock_release
                0x000000000800d400        0xc c:/st/stm32cubeide_1.4.0/stm32cubeide/plugins/com.st.stm32cube.ide.mcu.externaltools.gnu-tools-for-stm32.9-2020-q2-update.win32_1.5.0.202011040924/tools/bin/../lib/gcc/arm-none-eabi/9.3.1/../../../../arm-none-eabi/lib/thumb/v7e-m+fp/hard\libc_nano.a(lib_a-findfp.o)
                0x000000000800d400                __sinit_lock_release
 .text.__sinit  0x000000000800d40c       0x70 c:/st/stm32cubeide_1.4.0/stm32cubeide/plugins/com.st.stm32cube.ide.mcu.externaltools.gnu-tools-for-stm32.9-2020-q2-update.win32_1.5.0.202011040924/tools/bin/../lib/gcc/arm-none-eabi/9.3.1/../../../../arm-none-eabi/lib/thumb/v7e-m+fp/hard\libc_nano.a(lib_a-findfp.o)
                0x000000000800d40c                __sinit
 .text.__sfp    0x000000000800d47c       0x8c c:/st/stm32cubeide_1.4.0/stm32cubeide/plugins/com.st.stm32cube.ide.mcu.externaltools.gnu-tools-for-stm32.9-2020-q2-update.win32_1.5.0.202011040924/tools/bin/../lib/gcc/arm-none-eabi/9.3.1/../../../../arm-none-eabi/lib/thumb/v7e-m+fp/hard\libc_nano.a(lib_a-findfp.o)
                0x000000000800d47c                __sfp
 .text._fwalk_reent
                0x000000000800d508       0x3e c:/st/stm32cubeide_1.4.0/stm32cubeide/plugins/com.st.stm32cube.ide.mcu.externaltools.gnu-tools-for-stm32.9-2020-q2-update.win32_1.5.0.202011040924/tools/bin/../lib/gcc/arm-none-eabi/9.3.1/../../../../arm-none-eabi/lib/thumb/v7e-m+fp/hard\libc_nano.a(lib_a-fwalk.o)
                0x000000000800d508                _fwalk_reent
 .text.rshift   0x000000000800d546       0xa4 c:/st/stm32cubeide_1.4.0/stm32cubeide/plugins/com.st.stm32cube.ide.mcu.externaltools.gnu-tools-for-stm32.9-2020-q2-update.win32_1.5.0.202011040924/tools/bin/../lib/gcc/arm-none-eabi/9.3.1/../../../../arm-none-eabi/lib/thumb/v7e-m+fp/hard\libc_nano.a(lib_a-gdtoa-gethex.o)
 .text.__hexdig_fun
                0x000000000800d5ea       0x2a c:/st/stm32cubeide_1.4.0/stm32cubeide/plugins/com.st.stm32cube.ide.mcu.externaltools.gnu-tools-for-stm32.9-2020-q2-update.win32_1.5.0.202011040924/tools/bin/../lib/gcc/arm-none-eabi/9.3.1/../../../../arm-none-eabi/lib/thumb/v7e-m+fp/hard\libc_nano.a(lib_a-gdtoa-gethex.o)
                0x000000000800d5ea                __hexdig_fun
 .text.__gethex
                0x000000000800d614      0x48c c:/st/stm32cubeide_1.4.0/stm32cubeide/plugins/com.st.stm32cube.ide.mcu.externaltools.gnu-tools-for-stm32.9-2020-q2-update.win32_1.5.0.202011040924/tools/bin/../lib/gcc/arm-none-eabi/9.3.1/../../../../arm-none-eabi/lib/thumb/v7e-m+fp/hard\libc_nano.a(lib_a-gdtoa-gethex.o)
                0x000000000800d614                __gethex
 .text.L_shift  0x000000000800daa0       0x24 c:/st/stm32cubeide_1.4.0/stm32cubeide/plugins/com.st.stm32cube.ide.mcu.externaltools.gnu-tools-for-stm32.9-2020-q2-update.win32_1.5.0.202011040924/tools/bin/../lib/gcc/arm-none-eabi/9.3.1/../../../../arm-none-eabi/lib/thumb/v7e-m+fp/hard\libc_nano.a(lib_a-gdtoa-hexnan.o)
 .text.__match  0x000000000800dac4       0x28 c:/st/stm32cubeide_1.4.0/stm32cubeide/plugins/com.st.stm32cube.ide.mcu.externaltools.gnu-tools-for-stm32.9-2020-q2-update.win32_1.5.0.202011040924/tools/bin/../lib/gcc/arm-none-eabi/9.3.1/../../../../arm-none-eabi/lib/thumb/v7e-m+fp/hard\libc_nano.a(lib_a-gdtoa-hexnan.o)
                0x000000000800dac4                __match
 .text.__hexnan
                0x000000000800daec      0x138 c:/st/stm32cubeide_1.4.0/stm32cubeide/plugins/com.st.stm32cube.ide.mcu.externaltools.gnu-tools-for-stm32.9-2020-q2-update.win32_1.5.0.202011040924/tools/bin/../lib/gcc/arm-none-eabi/9.3.1/../../../../arm-none-eabi/lib/thumb/v7e-m+fp/hard\libc_nano.a(lib_a-gdtoa-hexnan.o)
                0x000000000800daec                __hexnan
 .text._localeconv_r
                0x000000000800dc24        0x8 c:/st/stm32cubeide_1.4.0/stm32cubeide/plugins/com.st.stm32cube.ide.mcu.externaltools.gnu-tools-for-stm32.9-2020-q2-update.win32_1.5.0.202011040924/tools/bin/../lib/gcc/arm-none-eabi/9.3.1/../../../../arm-none-eabi/lib/thumb/v7e-m+fp/hard\libc_nano.a(lib_a-localeconv.o)
                0x000000000800dc24                _localeconv_r
 .text.__retarget_lock_init_recursive
                0x000000000800dc2c        0x2 c:/st/stm32cubeide_1.4.0/stm32cubeide/plugins/com.st.stm32cube.ide.mcu.externaltools.gnu-tools-for-stm32.9-2020-q2-update.win32_1.5.0.202011040924/tools/bin/../lib/gcc/arm-none-eabi/9.3.1/../../../../arm-none-eabi/lib/thumb/v7e-m+fp/hard\libc_nano.a(lib_a-lock.o)
                0x000000000800dc2c                __retarget_lock_init_recursive
 .text.__retarget_lock_acquire_recursive
                0x000000000800dc2e        0x2 c:/st/stm32cubeide_1.4.0/stm32cubeide/plugins/com.st.stm32cube.ide.mcu.externaltools.gnu-tools-for-stm32.9-2020-q2-update.win32_1.5.0.202011040924/tools/bin/../lib/gcc/arm-none-eabi/9.3.1/../../../../arm-none-eabi/lib/thumb/v7e-m+fp/hard\libc_nano.a(lib_a-lock.o)
                0x000000000800dc2e                __retarget_lock_acquire_recursive
 .text.__retarget_lock_release_recursive
                0x000000000800dc30        0x2 c:/st/stm32cubeide_1.4.0/stm32cubeide/plugins/com.st.stm32cube.ide.mcu.externaltools.gnu-tools-for-stm32.9-2020-q2-update.win32_1.5.0.202011040924/tools/bin/../lib/gcc/arm-none-eabi/9.3.1/../../../../arm-none-eabi/lib/thumb/v7e-m+fp/hard\libc_nano.a(lib_a-lock.o)
                0x000000000800dc30                __retarget_lock_release_recursive
 .text.__swhatbuf_r
                0x000000000800dc32       0x48 c:/st/stm32cubeide_1.4.0/stm32cubeide/plugins/com.st.stm32cube.ide.mcu.externaltools.gnu-tools-for-stm32.9-2020-q2-update.win32_1.5.0.202011040924/tools/bin/../lib/gcc/arm-none-eabi/9.3.1/../../../../arm-none-eabi/lib/thumb/v7e-m+fp/hard\libc_nano.a(lib_a-makebuf.o)
                0x000000000800dc32                __swhatbuf_r
 *fill*         0x000000000800dc7a        0x2 
 .text.__smakebuf_r
                0x000000000800dc7c       0x80 c:/st/stm32cubeide_1.4.0/stm32cubeide/plugins/com.st.stm32cube.ide.mcu.externaltools.gnu-tools-for-stm32.9-2020-q2-update.win32_1.5.0.202011040924/tools/bin/../lib/gcc/arm-none-eabi/9.3.1/../../../../arm-none-eabi/lib/thumb/v7e-m+fp/hard\libc_nano.a(lib_a-makebuf.o)
                0x000000000800dc7c                __smakebuf_r
 .text.malloc   0x000000000800dcfc       0x10 c:/st/stm32cubeide_1.4.0/stm32cubeide/plugins/com.st.stm32cube.ide.mcu.externaltools.gnu-tools-for-stm32.9-2020-q2-update.win32_1.5.0.202011040924/tools/bin/../lib/gcc/arm-none-eabi/9.3.1/../../../../arm-none-eabi/lib/thumb/v7e-m+fp/hard\libc_nano.a(lib_a-malloc.o)
                0x000000000800dcfc                malloc
 .text.__ascii_mbtowc
                0x000000000800dd0c       0x24 c:/st/stm32cubeide_1.4.0/stm32cubeide/plugins/com.st.stm32cube.ide.mcu.externaltools.gnu-tools-for-stm32.9-2020-q2-update.win32_1.5.0.202011040924/tools/bin/../lib/gcc/arm-none-eabi/9.3.1/../../../../arm-none-eabi/lib/thumb/v7e-m+fp/hard\libc_nano.a(lib_a-mbtowc_r.o)
                0x000000000800dd0c                __ascii_mbtowc
 .text._Balloc  0x000000000800dd30       0x80 c:/st/stm32cubeide_1.4.0/stm32cubeide/plugins/com.st.stm32cube.ide.mcu.externaltools.gnu-tools-for-stm32.9-2020-q2-update.win32_1.5.0.202011040924/tools/bin/../lib/gcc/arm-none-eabi/9.3.1/../../../../arm-none-eabi/lib/thumb/v7e-m+fp/hard\libc_nano.a(lib_a-mprec.o)
                0x000000000800dd30                _Balloc
 .text._Bfree   0x000000000800ddb0       0x44 c:/st/stm32cubeide_1.4.0/stm32cubeide/plugins/com.st.stm32cube.ide.mcu.externaltools.gnu-tools-for-stm32.9-2020-q2-update.win32_1.5.0.202011040924/tools/bin/../lib/gcc/arm-none-eabi/9.3.1/../../../../arm-none-eabi/lib/thumb/v7e-m+fp/hard\libc_nano.a(lib_a-mprec.o)
                0x000000000800ddb0                _Bfree
 .text.__multadd
                0x000000000800ddf4       0x94 c:/st/stm32cubeide_1.4.0/stm32cubeide/plugins/com.st.stm32cube.ide.mcu.externaltools.gnu-tools-for-stm32.9-2020-q2-update.win32_1.5.0.202011040924/tools/bin/../lib/gcc/arm-none-eabi/9.3.1/../../../../arm-none-eabi/lib/thumb/v7e-m+fp/hard\libc_nano.a(lib_a-mprec.o)
                0x000000000800ddf4                __multadd
 .text.__s2b    0x000000000800de88       0x94 c:/st/stm32cubeide_1.4.0/stm32cubeide/plugins/com.st.stm32cube.ide.mcu.externaltools.gnu-tools-for-stm32.9-2020-q2-update.win32_1.5.0.202011040924/tools/bin/../lib/gcc/arm-none-eabi/9.3.1/../../../../arm-none-eabi/lib/thumb/v7e-m+fp/hard\libc_nano.a(lib_a-mprec.o)
                0x000000000800de88                __s2b
 .text.__hi0bits
                0x000000000800df1c       0x40 c:/st/stm32cubeide_1.4.0/stm32cubeide/plugins/com.st.stm32cube.ide.mcu.externaltools.gnu-tools-for-stm32.9-2020-q2-update.win32_1.5.0.202011040924/tools/bin/../lib/gcc/arm-none-eabi/9.3.1/../../../../arm-none-eabi/lib/thumb/v7e-m+fp/hard\libc_nano.a(lib_a-mprec.o)
                0x000000000800df1c                __hi0bits
 .text.__lo0bits
                0x000000000800df5c       0x60 c:/st/stm32cubeide_1.4.0/stm32cubeide/plugins/com.st.stm32cube.ide.mcu.externaltools.gnu-tools-for-stm32.9-2020-q2-update.win32_1.5.0.202011040924/tools/bin/../lib/gcc/arm-none-eabi/9.3.1/../../../../arm-none-eabi/lib/thumb/v7e-m+fp/hard\libc_nano.a(lib_a-mprec.o)
                0x000000000800df5c                __lo0bits
 .text.__i2b    0x000000000800dfbc       0x2c c:/st/stm32cubeide_1.4.0/stm32cubeide/plugins/com.st.stm32cube.ide.mcu.externaltools.gnu-tools-for-stm32.9-2020-q2-update.win32_1.5.0.202011040924/tools/bin/../lib/gcc/arm-none-eabi/9.3.1/../../../../arm-none-eabi/lib/thumb/v7e-m+fp/hard\libc_nano.a(lib_a-mprec.o)
                0x000000000800dfbc                __i2b
 .text.__multiply
                0x000000000800dfe8      0x14c c:/st/stm32cubeide_1.4.0/stm32cubeide/plugins/com.st.stm32cube.ide.mcu.externaltools.gnu-tools-for-stm32.9-2020-q2-update.win32_1.5.0.202011040924/tools/bin/../lib/gcc/arm-none-eabi/9.3.1/../../../../arm-none-eabi/lib/thumb/v7e-m+fp/hard\libc_nano.a(lib_a-mprec.o)
                0x000000000800dfe8                __multiply
 .text.__pow5mult
                0x000000000800e134       0xb4 c:/st/stm32cubeide_1.4.0/stm32cubeide/plugins/com.st.stm32cube.ide.mcu.externaltools.gnu-tools-for-stm32.9-2020-q2-update.win32_1.5.0.202011040924/tools/bin/../lib/gcc/arm-none-eabi/9.3.1/../../../../arm-none-eabi/lib/thumb/v7e-m+fp/hard\libc_nano.a(lib_a-mprec.o)
                0x000000000800e134                __pow5mult
 .text.__lshift
                0x000000000800e1e8       0xd8 c:/st/stm32cubeide_1.4.0/stm32cubeide/plugins/com.st.stm32cube.ide.mcu.externaltools.gnu-tools-for-stm32.9-2020-q2-update.win32_1.5.0.202011040924/tools/bin/../lib/gcc/arm-none-eabi/9.3.1/../../../../arm-none-eabi/lib/thumb/v7e-m+fp/hard\libc_nano.a(lib_a-mprec.o)
                0x000000000800e1e8                __lshift
 .text.__mcmp   0x000000000800e2c0       0x38 c:/st/stm32cubeide_1.4.0/stm32cubeide/plugins/com.st.stm32cube.ide.mcu.externaltools.gnu-tools-for-stm32.9-2020-q2-update.win32_1.5.0.202011040924/tools/bin/../lib/gcc/arm-none-eabi/9.3.1/../../../../arm-none-eabi/lib/thumb/v7e-m+fp/hard\libc_nano.a(lib_a-mprec.o)
                0x000000000800e2c0                __mcmp
 .text.__mdiff  0x000000000800e2f8      0x110 c:/st/stm32cubeide_1.4.0/stm32cubeide/plugins/com.st.stm32cube.ide.mcu.externaltools.gnu-tools-for-stm32.9-2020-q2-update.win32_1.5.0.202011040924/tools/bin/../lib/gcc/arm-none-eabi/9.3.1/../../../../arm-none-eabi/lib/thumb/v7e-m+fp/hard\libc_nano.a(lib_a-mprec.o)
                0x000000000800e2f8                __mdiff
 .text.__ulp    0x000000000800e408       0x58 c:/st/stm32cubeide_1.4.0/stm32cubeide/plugins/com.st.stm32cube.ide.mcu.externaltools.gnu-tools-for-stm32.9-2020-q2-update.win32_1.5.0.202011040924/tools/bin/../lib/gcc/arm-none-eabi/9.3.1/../../../../arm-none-eabi/lib/thumb/v7e-m+fp/hard\libc_nano.a(lib_a-mprec.o)
                0x000000000800e408                __ulp
 .text.__b2d    0x000000000800e460       0xa0 c:/st/stm32cubeide_1.4.0/stm32cubeide/plugins/com.st.stm32cube.ide.mcu.externaltools.gnu-tools-for-stm32.9-2020-q2-update.win32_1.5.0.202011040924/tools/bin/../lib/gcc/arm-none-eabi/9.3.1/../../../../arm-none-eabi/lib/thumb/v7e-m+fp/hard\libc_nano.a(lib_a-mprec.o)
                0x000000000800e460                __b2d
 .text.__d2b    0x000000000800e500       0xb8 c:/st/stm32cubeide_1.4.0/stm32cubeide/plugins/com.st.stm32cube.ide.mcu.externaltools.gnu-tools-for-stm32.9-2020-q2-update.win32_1.5.0.202011040924/tools/bin/../lib/gcc/arm-none-eabi/9.3.1/../../../../arm-none-eabi/lib/thumb/v7e-m+fp/hard\libc_nano.a(lib_a-mprec.o)
                0x000000000800e500                __d2b
 .text.__ratio  0x000000000800e5b8       0x66 c:/st/stm32cubeide_1.4.0/stm32cubeide/plugins/com.st.stm32cube.ide.mcu.externaltools.gnu-tools-for-stm32.9-2020-q2-update.win32_1.5.0.202011040924/tools/bin/../lib/gcc/arm-none-eabi/9.3.1/../../../../arm-none-eabi/lib/thumb/v7e-m+fp/hard\libc_nano.a(lib_a-mprec.o)
                0x000000000800e5b8                __ratio
 .text.__copybits
                0x000000000800e61e       0x46 c:/st/stm32cubeide_1.4.0/stm32cubeide/plugins/com.st.stm32cube.ide.mcu.externaltools.gnu-tools-for-stm32.9-2020-q2-update.win32_1.5.0.202011040924/tools/bin/../lib/gcc/arm-none-eabi/9.3.1/../../../../arm-none-eabi/lib/thumb/v7e-m+fp/hard\libc_nano.a(lib_a-mprec.o)
                0x000000000800e61e                __copybits
 .text.__any_on
                0x000000000800e664       0x42 c:/st/stm32cubeide_1.4.0/stm32cubeide/plugins/com.st.stm32cube.ide.mcu.externaltools.gnu-tools-for-stm32.9-2020-q2-update.win32_1.5.0.202011040924/tools/bin/../lib/gcc/arm-none-eabi/9.3.1/../../../../arm-none-eabi/lib/thumb/v7e-m+fp/hard\libc_nano.a(lib_a-mprec.o)
                0x000000000800e664                __any_on
 .text._calloc_r
                0x000000000800e6a6       0x1e c:/st/stm32cubeide_1.4.0/stm32cubeide/plugins/com.st.stm32cube.ide.mcu.externaltools.gnu-tools-for-stm32.9-2020-q2-update.win32_1.5.0.202011040924/tools/bin/../lib/gcc/arm-none-eabi/9.3.1/../../../../arm-none-eabi/lib/thumb/v7e-m+fp/hard\libc_nano.a(lib_a-nano-callocr.o)
                0x000000000800e6a6                _calloc_r
 .text._free_r  0x000000000800e6c4       0xa0 c:/st/stm32cubeide_1.4.0/stm32cubeide/plugins/com.st.stm32cube.ide.mcu.externaltools.gnu-tools-for-stm32.9-2020-q2-update.win32_1.5.0.202011040924/tools/bin/../lib/gcc/arm-none-eabi/9.3.1/../../../../arm-none-eabi/lib/thumb/v7e-m+fp/hard\libc_nano.a(lib_a-nano-freer.o)
                0x000000000800e6c4                _free_r
 .text._malloc_r
                0x000000000800e764       0xb4 c:/st/stm32cubeide_1.4.0/stm32cubeide/plugins/com.st.stm32cube.ide.mcu.externaltools.gnu-tools-for-stm32.9-2020-q2-update.win32_1.5.0.202011040924/tools/bin/../lib/gcc/arm-none-eabi/9.3.1/../../../../arm-none-eabi/lib/thumb/v7e-m+fp/hard\libc_nano.a(lib_a-nano-mallocr.o)
                0x000000000800e764                _malloc_r
 .text.__ssputs_r
                0x000000000800e818       0xb6 c:/st/stm32cubeide_1.4.0/stm32cubeide/plugins/com.st.stm32cube.ide.mcu.externaltools.gnu-tools-for-stm32.9-2020-q2-update.win32_1.5.0.202011040924/tools/bin/../lib/gcc/arm-none-eabi/9.3.1/../../../../arm-none-eabi/lib/thumb/v7e-m+fp/hard\libc_nano.a(lib_a-nano-svfprintf.o)
                0x000000000800e818                __ssputs_r
 *fill*         0x000000000800e8ce        0x2 
 .text._svfprintf_r
                0x000000000800e8d0      0x200 c:/st/stm32cubeide_1.4.0/stm32cubeide/plugins/com.st.stm32cube.ide.mcu.externaltools.gnu-tools-for-stm32.9-2020-q2-update.win32_1.5.0.202011040924/tools/bin/../lib/gcc/arm-none-eabi/9.3.1/../../../../arm-none-eabi/lib/thumb/v7e-m+fp/hard\libc_nano.a(lib_a-nano-svfprintf.o)
                0x000000000800e8d0                _svfiprintf_r
                0x000000000800e8d0                _svfprintf_r
 .text.__sfputc_r
                0x000000000800ead0       0x2e c:/st/stm32cubeide_1.4.0/stm32cubeide/plugins/com.st.stm32cube.ide.mcu.externaltools.gnu-tools-for-stm32.9-2020-q2-update.win32_1.5.0.202011040924/tools/bin/../lib/gcc/arm-none-eabi/9.3.1/../../../../arm-none-eabi/lib/thumb/v7e-m+fp/hard\libc_nano.a(lib_a-nano-vfprintf.o)
 .text.__sfputs_r
                0x000000000800eafe       0x24 c:/st/stm32cubeide_1.4.0/stm32cubeide/plugins/com.st.stm32cube.ide.mcu.externaltools.gnu-tools-for-stm32.9-2020-q2-update.win32_1.5.0.202011040924/tools/bin/../lib/gcc/arm-none-eabi/9.3.1/../../../../arm-none-eabi/lib/thumb/v7e-m+fp/hard\libc_nano.a(lib_a-nano-vfprintf.o)
                0x000000000800eafe                __sfputs_r
 *fill*         0x000000000800eb22        0x2 
 .text._vfprintf_r
                0x000000000800eb24      0x260 c:/st/stm32cubeide_1.4.0/stm32cubeide/plugins/com.st.stm32cube.ide.mcu.externaltools.gnu-tools-for-stm32.9-2020-q2-update.win32_1.5.0.202011040924/tools/bin/../lib/gcc/arm-none-eabi/9.3.1/../../../../arm-none-eabi/lib/thumb/v7e-m+fp/hard\libc_nano.a(lib_a-nano-vfprintf.o)
                0x000000000800eb24                _vfprintf_r
                0x000000000800eb24                _vfiprintf_r
 *fill*         0x000000000800ed84        0x4 
 .text.nan      0x000000000800ed88       0x10 c:/st/stm32cubeide_1.4.0/stm32cubeide/plugins/com.st.stm32cube.ide.mcu.externaltools.gnu-tools-for-stm32.9-2020-q2-update.win32_1.5.0.202011040924/tools/bin/../lib/gcc/arm-none-eabi/9.3.1/../../../../arm-none-eabi/lib/thumb/v7e-m+fp/hard\libc_nano.a(lib_a-s_nan.o)
                0x000000000800ed88                nan
 .text._sbrk_r  0x000000000800ed98       0x20 c:/st/stm32cubeide_1.4.0/stm32cubeide/plugins/com.st.stm32cube.ide.mcu.externaltools.gnu-tools-for-stm32.9-2020-q2-update.win32_1.5.0.202011040924/tools/bin/../lib/gcc/arm-none-eabi/9.3.1/../../../../arm-none-eabi/lib/thumb/v7e-m+fp/hard\libc_nano.a(lib_a-sbrkr.o)
                0x000000000800ed98                _sbrk_r
 .text.__sread  0x000000000800edb8       0x22 c:/st/stm32cubeide_1.4.0/stm32cubeide/plugins/com.st.stm32cube.ide.mcu.externaltools.gnu-tools-for-stm32.9-2020-q2-update.win32_1.5.0.202011040924/tools/bin/../lib/gcc/arm-none-eabi/9.3.1/../../../../arm-none-eabi/lib/thumb/v7e-m+fp/hard\libc_nano.a(lib_a-stdio.o)
                0x000000000800edb8                __sread
 .text.__swrite
                0x000000000800edda       0x38 c:/st/stm32cubeide_1.4.0/stm32cubeide/plugins/com.st.stm32cube.ide.mcu.externaltools.gnu-tools-for-stm32.9-2020-q2-update.win32_1.5.0.202011040924/tools/bin/../lib/gcc/arm-none-eabi/9.3.1/../../../../arm-none-eabi/lib/thumb/v7e-m+fp/hard\libc_nano.a(lib_a-stdio.o)
                0x000000000800edda                __swrite
 .text.__sseek  0x000000000800ee12       0x24 c:/st/stm32cubeide_1.4.0/stm32cubeide/plugins/com.st.stm32cube.ide.mcu.externaltools.gnu-tools-for-stm32.9-2020-q2-update.win32_1.5.0.202011040924/tools/bin/../lib/gcc/arm-none-eabi/9.3.1/../../../../arm-none-eabi/lib/thumb/v7e-m+fp/hard\libc_nano.a(lib_a-stdio.o)
                0x000000000800ee12                __sseek
 .text.__sclose
                0x000000000800ee36        0x8 c:/st/stm32cubeide_1.4.0/stm32cubeide/plugins/com.st.stm32cube.ide.mcu.externaltools.gnu-tools-for-stm32.9-2020-q2-update.win32_1.5.0.202011040924/tools/bin/../lib/gcc/arm-none-eabi/9.3.1/../../../../arm-none-eabi/lib/thumb/v7e-m+fp/hard\libc_nano.a(lib_a-stdio.o)
                0x000000000800ee36                __sclose